Archive member included because of file (symbol)

C:\Users\Mikko\Documents\Atmel Studio\arduinoCore\libcore.a(new.cpp.o)
                              os.o (_Znwj)
C:\Users\Mikko\Documents\Atmel Studio\arduinoCore\libcore.a(malloc.c.o)
                              C:\Users\Mikko\Documents\Atmel Studio\arduinoCore\libcore.a(new.cpp.o) (malloc)
c:/program files (x86)/atmel/atmel toolchain/avr8 gcc/native/3.4.1061/avr8-gnu-toolchain/bin/../lib/gcc/avr/4.8.1/avr6\libgcc.a(_divmodhi4.o)
                              uart/uart.o (__divmodhi4)
c:/program files (x86)/atmel/atmel toolchain/avr8 gcc/native/3.4.1061/avr8-gnu-toolchain/bin/../lib/gcc/avr/4.8.1/avr6\libgcc.a(_exit.o)
                              c:/program files (x86)/atmel/atmel toolchain/avr8 gcc/native/3.4.1061/avr8-gnu-toolchain/bin/../lib/gcc/avr/4.8.1/../../../../avr/lib/avr6/crtm2560.o (exit)
c:/program files (x86)/atmel/atmel toolchain/avr8 gcc/native/3.4.1061/avr8-gnu-toolchain/bin/../lib/gcc/avr/4.8.1/avr6\libgcc.a(_copy_data.o)
                              os.o (__do_copy_data)
c:/program files (x86)/atmel/atmel toolchain/avr8 gcc/native/3.4.1061/avr8-gnu-toolchain/bin/../lib/gcc/avr/4.8.1/avr6\libgcc.a(_clear_bss.o)
                              os.o (__do_clear_bss)
c:/program files (x86)/atmel/atmel toolchain/avr8 gcc/native/3.4.1061/avr8-gnu-toolchain/bin/../lib/gcc/avr/4.8.1/avr6\libgcc.a(_udivmodhi4.o)
                              c:/program files (x86)/atmel/atmel toolchain/avr8 gcc/native/3.4.1061/avr8-gnu-toolchain/bin/../lib/gcc/avr/4.8.1/avr6\libgcc.a(_divmodhi4.o) (__udivmodhi4)
c:/program files (x86)/atmel/atmel toolchain/avr8 gcc/native/3.4.1061/avr8-gnu-toolchain/bin/../lib/gcc/avr/4.8.1/../../../../avr/lib/avr6\libc.a(sprintf.o)
                              trace/trace.o (sprintf)
c:/program files (x86)/atmel/atmel toolchain/avr8 gcc/native/3.4.1061/avr8-gnu-toolchain/bin/../lib/gcc/avr/4.8.1/../../../../avr/lib/avr6\libc.a(vfprintf_std.o)
                              c:/program files (x86)/atmel/atmel toolchain/avr8 gcc/native/3.4.1061/avr8-gnu-toolchain/bin/../lib/gcc/avr/4.8.1/../../../../avr/lib/avr6\libc.a(sprintf.o) (vfprintf)
c:/program files (x86)/atmel/atmel toolchain/avr8 gcc/native/3.4.1061/avr8-gnu-toolchain/bin/../lib/gcc/avr/4.8.1/../../../../avr/lib/avr6\libc.a(strnlen_P.o)
                              c:/program files (x86)/atmel/atmel toolchain/avr8 gcc/native/3.4.1061/avr8-gnu-toolchain/bin/../lib/gcc/avr/4.8.1/../../../../avr/lib/avr6\libc.a(vfprintf_std.o) (strnlen_P)
c:/program files (x86)/atmel/atmel toolchain/avr8 gcc/native/3.4.1061/avr8-gnu-toolchain/bin/../lib/gcc/avr/4.8.1/../../../../avr/lib/avr6\libc.a(strnlen.o)
                              c:/program files (x86)/atmel/atmel toolchain/avr8 gcc/native/3.4.1061/avr8-gnu-toolchain/bin/../lib/gcc/avr/4.8.1/../../../../avr/lib/avr6\libc.a(vfprintf_std.o) (strnlen)
c:/program files (x86)/atmel/atmel toolchain/avr8 gcc/native/3.4.1061/avr8-gnu-toolchain/bin/../lib/gcc/avr/4.8.1/../../../../avr/lib/avr6\libc.a(fputc.o)
                              c:/program files (x86)/atmel/atmel toolchain/avr8 gcc/native/3.4.1061/avr8-gnu-toolchain/bin/../lib/gcc/avr/4.8.1/../../../../avr/lib/avr6\libc.a(vfprintf_std.o) (fputc)
c:/program files (x86)/atmel/atmel toolchain/avr8 gcc/native/3.4.1061/avr8-gnu-toolchain/bin/../lib/gcc/avr/4.8.1/../../../../avr/lib/avr6\libc.a(ultoa_invert.o)
                              c:/program files (x86)/atmel/atmel toolchain/avr8 gcc/native/3.4.1061/avr8-gnu-toolchain/bin/../lib/gcc/avr/4.8.1/../../../../avr/lib/avr6\libc.a(vfprintf_std.o) (__ultoa_invert)

Allocating common symbols
Common symbol       size              file

__brkval            0x2               C:\Users\Mikko\Documents\Atmel Studio\arduinoCore\libcore.a(malloc.c.o)
__flp               0x2               C:\Users\Mikko\Documents\Atmel Studio\arduinoCore\libcore.a(malloc.c.o)

Discarded input sections

 .data          0x00000000        0x0 c:/program files (x86)/atmel/atmel toolchain/avr8 gcc/native/3.4.1061/avr8-gnu-toolchain/bin/../lib/gcc/avr/4.8.1/../../../../avr/lib/avr6/crtm2560.o
 .bss           0x00000000        0x0 c:/program files (x86)/atmel/atmel toolchain/avr8 gcc/native/3.4.1061/avr8-gnu-toolchain/bin/../lib/gcc/avr/4.8.1/../../../../avr/lib/avr6/crtm2560.o
 .text          0x00000000        0x0 os.o
 .data          0x00000000        0x0 os.o
 .bss           0x00000000        0x0 os.o
 .text.Task_Create_RR
                0x00000000       0x34 os.o
 .text.Task_Create
                0x00000000       0x32 os.o
 .text.Task_Next
                0x00000000       0x26 os.o
 .text.Task_GetArg
                0x00000000       0x18 os.o
 .text          0x00000000        0x0 project2.o
 .data          0x00000000        0x0 project2.o
 .bss           0x00000000        0x0 project2.o
 .text          0x00000000        0x0 tests/test0_now.o
 .data          0x00000000        0x0 tests/test0_now.o
 .bss           0x00000000        0x0 tests/test0_now.o
 .debug_line    0x00000000        0x0 tests/test0_now.o
 .debug_str     0x00000000        0x0 tests/test0_now.o
 .comment       0x00000000       0x31 tests/test0_now.o
 .text          0x00000000        0x0 tests/test10_service_system_multiple.o
 .data          0x00000000        0x0 tests/test10_service_system_multiple.o
 .bss           0x00000000        0x0 tests/test10_service_system_multiple.o
 .debug_line    0x00000000        0x0 tests/test10_service_system_multiple.o
 .debug_str     0x00000000        0x0 tests/test10_service_system_multiple.o
 .comment       0x00000000       0x31 tests/test10_service_system_multiple.o
 .text          0x00000000        0x0 tests/test11_service_system_rr.o
 .data          0x00000000        0x0 tests/test11_service_system_rr.o
 .bss           0x00000000        0x0 tests/test11_service_system_rr.o
 .debug_line    0x00000000        0x0 tests/test11_service_system_rr.o
 .debug_str     0x00000000        0x0 tests/test11_service_system_rr.o
 .comment       0x00000000       0x31 tests/test11_service_system_rr.o
 .text          0x00000000        0x0 tests/test12_service_system_periodic.o
 .data          0x00000000        0x0 tests/test12_service_system_periodic.o
 .bss           0x00000000        0x0 tests/test12_service_system_periodic.o
 .debug_line    0x00000000        0x0 tests/test12_service_system_periodic.o
 .debug_str     0x00000000        0x0 tests/test12_service_system_periodic.o
 .comment       0x00000000       0x31 tests/test12_service_system_periodic.o
 .text          0x00000000        0x0 tests/test13_service_subscribe_error.o
 .data          0x00000000        0x0 tests/test13_service_subscribe_error.o
 .bss           0x00000000        0x0 tests/test13_service_subscribe_error.o
 .debug_line    0x00000000        0x0 tests/test13_service_subscribe_error.o
 .debug_str     0x00000000        0x0 tests/test13_service_subscribe_error.o
 .comment       0x00000000       0x31 tests/test13_service_subscribe_error.o
 .text          0x00000000        0x0 tests/test14_service_periodic_error.o
 .data          0x00000000        0x0 tests/test14_service_periodic_error.o
 .bss           0x00000000        0x0 tests/test14_service_periodic_error.o
 .debug_line    0x00000000        0x0 tests/test14_service_periodic_error.o
 .debug_str     0x00000000        0x0 tests/test14_service_periodic_error.o
 .comment       0x00000000       0x31 tests/test14_service_periodic_error.o
 .text          0x00000000        0x0 tests/test1_system.o
 .data          0x00000000        0x0 tests/test1_system.o
 .bss           0x00000000        0x0 tests/test1_system.o
 .debug_line    0x00000000        0x0 tests/test1_system.o
 .debug_str     0x00000000        0x0 tests/test1_system.o
 .comment       0x00000000       0x31 tests/test1_system.o
 .text          0x00000000        0x0 tests/test2_rr.o
 .data          0x00000000        0x0 tests/test2_rr.o
 .bss           0x00000000        0x0 tests/test2_rr.o
 .debug_line    0x00000000        0x0 tests/test2_rr.o
 .debug_str     0x00000000        0x0 tests/test2_rr.o
 .comment       0x00000000       0x31 tests/test2_rr.o
 .text          0x00000000        0x0 tests/test3_system_rr.o
 .data          0x00000000        0x0 tests/test3_system_rr.o
 .bss           0x00000000        0x0 tests/test3_system_rr.o
 .debug_line    0x00000000        0x0 tests/test3_system_rr.o
 .debug_str     0x00000000        0x0 tests/test3_system_rr.o
 .comment       0x00000000       0x31 tests/test3_system_rr.o
 .text          0x00000000        0x0 tests/test4_periodic.o
 .data          0x00000000        0x0 tests/test4_periodic.o
 .bss           0x00000000        0x0 tests/test4_periodic.o
 .debug_line    0x00000000        0x0 tests/test4_periodic.o
 .debug_str     0x00000000        0x0 tests/test4_periodic.o
 .comment       0x00000000       0x31 tests/test4_periodic.o
 .text          0x00000000        0x0 tests/test5_periodic_two.o
 .data          0x00000000        0x0 tests/test5_periodic_two.o
 .bss           0x00000000        0x0 tests/test5_periodic_two.o
 .debug_line    0x00000000        0x0 tests/test5_periodic_two.o
 .debug_str     0x00000000        0x0 tests/test5_periodic_two.o
 .comment       0x00000000       0x31 tests/test5_periodic_two.o
 .text          0x00000000        0x0 tests/test6_periodic_complex.o
 .data          0x00000000        0x0 tests/test6_periodic_complex.o
 .bss           0x00000000        0x0 tests/test6_periodic_complex.o
 .debug_line    0x00000000        0x0 tests/test6_periodic_complex.o
 .debug_str     0x00000000        0x0 tests/test6_periodic_complex.o
 .comment       0x00000000       0x31 tests/test6_periodic_complex.o
 .text          0x00000000        0x0 tests/test7_tasks_all.o
 .data          0x00000000        0x0 tests/test7_tasks_all.o
 .bss           0x00000000        0x0 tests/test7_tasks_all.o
 .debug_line    0x00000000        0x0 tests/test7_tasks_all.o
 .debug_str     0x00000000        0x0 tests/test7_tasks_all.o
 .comment       0x00000000       0x31 tests/test7_tasks_all.o
 .text          0x00000000        0x0 tests/test8_service_system.o
 .data          0x00000000        0x0 tests/test8_service_system.o
 .bss           0x00000000        0x0 tests/test8_service_system.o
 .debug_line    0x00000000        0x0 tests/test8_service_system.o
 .debug_str     0x00000000        0x0 tests/test8_service_system.o
 .comment       0x00000000       0x31 tests/test8_service_system.o
 .text          0x00000000        0x0 tests/test9_service_rr.o
 .data          0x00000000        0x0 tests/test9_service_rr.o
 .bss           0x00000000        0x0 tests/test9_service_rr.o
 .debug_line    0x00000000        0x0 tests/test9_service_rr.o
 .debug_str     0x00000000        0x0 tests/test9_service_rr.o
 .comment       0x00000000       0x31 tests/test9_service_rr.o
 .text          0x00000000        0x0 trace/trace.o
 .data          0x00000000        0x0 trace/trace.o
 .bss           0x00000000        0x0 trace/trace.o
 .text._Z13is_trace_fullv
                0x00000000       0x18 trace/trace.o
 .text._Z11reset_tracev
                0x00000000        0xa trace/trace.o
 .text          0x00000000        0x0 uart/uart.o
 .data          0x00000000        0x0 uart/uart.o
 .bss           0x00000000        0x0 uart/uart.o
 .text._Z12uart_getchari
                0x00000000       0x14 uart/uart.o
 .text._Z15uart_bytes_recvv
                0x00000000        0xa uart/uart.o
 .text._Z15uart_reset_recvv
                0x00000000        0xa uart/uart.o
 .group         0x00000000        0x8 src/ASF/mega/boards/stk600/rcx_x/init.o
 .group         0x00000000        0x8 src/ASF/mega/boards/stk600/rcx_x/init.o
 .group         0x00000000        0x8 src/ASF/mega/boards/stk600/rcx_x/init.o
 .group         0x00000000        0x8 src/ASF/mega/boards/stk600/rcx_x/init.o
 .group         0x00000000        0x8 src/ASF/mega/boards/stk600/rcx_x/init.o
 .group         0x00000000        0x8 src/ASF/mega/boards/stk600/rcx_x/init.o
 .group         0x00000000        0x8 src/ASF/mega/boards/stk600/rcx_x/init.o
 .group         0x00000000        0x8 src/ASF/mega/boards/stk600/rcx_x/init.o
 .group         0x00000000        0x8 src/ASF/mega/boards/stk600/rcx_x/init.o
 .group         0x00000000        0x8 src/ASF/mega/boards/stk600/rcx_x/init.o
 .group         0x00000000        0x8 src/ASF/mega/boards/stk600/rcx_x/init.o
 .group         0x00000000        0x8 src/ASF/mega/boards/stk600/rcx_x/init.o
 .group         0x00000000        0x8 src/ASF/mega/boards/stk600/rcx_x/init.o
 .group         0x00000000        0x8 src/ASF/mega/boards/stk600/rcx_x/init.o
 .group         0x00000000        0x8 src/ASF/mega/boards/stk600/rcx_x/init.o
 .group         0x00000000        0x8 src/ASF/mega/boards/stk600/rcx_x/init.o
 .group         0x00000000        0x8 src/ASF/mega/boards/stk600/rcx_x/init.o
 .group         0x00000000        0x8 src/ASF/mega/boards/stk600/rcx_x/init.o
 .group         0x00000000        0x8 src/ASF/mega/boards/stk600/rcx_x/init.o
 .group         0x00000000        0x8 src/ASF/mega/boards/stk600/rcx_x/init.o
 .group         0x00000000        0x8 src/ASF/mega/boards/stk600/rcx_x/init.o
 .group         0x00000000        0x8 src/ASF/mega/boards/stk600/rcx_x/init.o
 .group         0x00000000        0x8 src/ASF/mega/boards/stk600/rcx_x/init.o
 .group         0x00000000        0x8 src/ASF/mega/boards/stk600/rcx_x/init.o
 .group         0x00000000        0x8 src/ASF/mega/boards/stk600/rcx_x/init.o
 .group         0x00000000        0x8 src/ASF/mega/boards/stk600/rcx_x/init.o
 .text          0x00000000        0x0 src/ASF/mega/boards/stk600/rcx_x/init.o
 .data          0x00000000        0x0 src/ASF/mega/boards/stk600/rcx_x/init.o
 .bss           0x00000000        0x0 src/ASF/mega/boards/stk600/rcx_x/init.o
 .text.board_init
                0x00000000        0x2 src/ASF/mega/boards/stk600/rcx_x/init.o
 .debug_info    0x00000000       0x7c src/ASF/mega/boards/stk600/rcx_x/init.o
 .debug_abbrev  0x00000000       0x47 src/ASF/mega/boards/stk600/rcx_x/init.o
 .debug_aranges
                0x00000000       0x20 src/ASF/mega/boards/stk600/rcx_x/init.o
 .debug_ranges  0x00000000       0x10 src/ASF/mega/boards/stk600/rcx_x/init.o
 .debug_macro   0x00000000      0x143 src/ASF/mega/boards/stk600/rcx_x/init.o
 .debug_macro   0x00000000      0xa5a src/ASF/mega/boards/stk600/rcx_x/init.o
 .debug_macro   0x00000000       0x10 src/ASF/mega/boards/stk600/rcx_x/init.o
 .debug_macro   0x00000000      0x1ad src/ASF/mega/boards/stk600/rcx_x/init.o
 .debug_macro   0x00000000      0x293 src/ASF/mega/boards/stk600/rcx_x/init.o
 .debug_macro   0x00000000       0x9e src/ASF/mega/boards/stk600/rcx_x/init.o
 .debug_macro   0x00000000     0x1e62 src/ASF/mega/boards/stk600/rcx_x/init.o
 .debug_macro   0x00000000       0xdc src/ASF/mega/boards/stk600/rcx_x/init.o
 .debug_macro   0x00000000      0x2ea src/ASF/mega/boards/stk600/rcx_x/init.o
 .debug_macro   0x00000000       0xd9 src/ASF/mega/boards/stk600/rcx_x/init.o
 .debug_macro   0x00000000       0x34 src/ASF/mega/boards/stk600/rcx_x/init.o
 .debug_macro   0x00000000       0x18 src/ASF/mega/boards/stk600/rcx_x/init.o
 .debug_macro   0x00000000       0x6c src/ASF/mega/boards/stk600/rcx_x/init.o
 .debug_macro   0x00000000       0x22 src/ASF/mega/boards/stk600/rcx_x/init.o
 .debug_macro   0x00000000      0x166 src/ASF/mega/boards/stk600/rcx_x/init.o
 .debug_macro   0x00000000       0x1c src/ASF/mega/boards/stk600/rcx_x/init.o
 .debug_macro   0x00000000       0x35 src/ASF/mega/boards/stk600/rcx_x/init.o
 .debug_macro   0x00000000       0x66 src/ASF/mega/boards/stk600/rcx_x/init.o
 .debug_macro   0x00000000      0x4d1 src/ASF/mega/boards/stk600/rcx_x/init.o
 .debug_macro   0x00000000       0x44 src/ASF/mega/boards/stk600/rcx_x/init.o
 .debug_macro   0x00000000       0x69 src/ASF/mega/boards/stk600/rcx_x/init.o
 .debug_macro   0x00000000       0x2c src/ASF/mega/boards/stk600/rcx_x/init.o
 .debug_macro   0x00000000       0x10 src/ASF/mega/boards/stk600/rcx_x/init.o
 .debug_macro   0x00000000      0x175 src/ASF/mega/boards/stk600/rcx_x/init.o
 .debug_macro   0x00000000       0x40 src/ASF/mega/boards/stk600/rcx_x/init.o
 .debug_macro   0x00000000      0x100 src/ASF/mega/boards/stk600/rcx_x/init.o
 .debug_macro   0x00000000      0x242 src/ASF/mega/boards/stk600/rcx_x/init.o
 .debug_line    0x00000000      0x348 src/ASF/mega/boards/stk600/rcx_x/init.o
 .debug_str     0x00000000    0x1109b src/ASF/mega/boards/stk600/rcx_x/init.o
 .comment       0x00000000       0x31 src/ASF/mega/boards/stk600/rcx_x/init.o
 .debug_frame   0x00000000       0x24 src/ASF/mega/boards/stk600/rcx_x/init.o
 .group         0x00000000        0x8 src/main.o
 .group         0x00000000        0x8 src/main.o
 .group         0x00000000        0x8 src/main.o
 .group         0x00000000        0x8 src/main.o
 .group         0x00000000        0x8 src/main.o
 .group         0x00000000        0x8 src/main.o
 .group         0x00000000        0x8 src/main.o
 .group         0x00000000        0x8 src/main.o
 .group         0x00000000        0x8 src/main.o
 .group         0x00000000        0x8 src/main.o
 .group         0x00000000        0x8 src/main.o
 .group         0x00000000        0x8 src/main.o
 .group         0x00000000        0x8 src/main.o
 .group         0x00000000        0x8 src/main.o
 .group         0x00000000        0x8 src/main.o
 .group         0x00000000        0x8 src/main.o
 .group         0x00000000        0x8 src/main.o
 .group         0x00000000        0x8 src/main.o
 .group         0x00000000        0x8 src/main.o
 .group         0x00000000        0x8 src/main.o
 .group         0x00000000        0x8 src/main.o
 .group         0x00000000        0x8 src/main.o
 .group         0x00000000        0x8 src/main.o
 .group         0x00000000        0x8 src/main.o
 .group         0x00000000        0x8 src/main.o
 .group         0x00000000        0x8 src/main.o
 .text          0x00000000        0x0 src/main.o
 .data          0x00000000        0x0 src/main.o
 .bss           0x00000000        0x0 src/main.o
 .debug_info    0x00000000       0x5a src/main.o
 .debug_abbrev  0x00000000       0x29 src/main.o
 .debug_aranges
                0x00000000       0x18 src/main.o
 .debug_macro   0x00000000      0x14d src/main.o
 .debug_macro   0x00000000      0xa5a src/main.o
 .debug_macro   0x00000000       0x10 src/main.o
 .debug_macro   0x00000000      0x1ad src/main.o
 .debug_macro   0x00000000      0x293 src/main.o
 .debug_macro   0x00000000       0x9e src/main.o
 .debug_macro   0x00000000     0x1e62 src/main.o
 .debug_macro   0x00000000       0xdc src/main.o
 .debug_macro   0x00000000      0x2ea src/main.o
 .debug_macro   0x00000000       0xd9 src/main.o
 .debug_macro   0x00000000       0x34 src/main.o
 .debug_macro   0x00000000       0x18 src/main.o
 .debug_macro   0x00000000       0x6c src/main.o
 .debug_macro   0x00000000       0x22 src/main.o
 .debug_macro   0x00000000      0x166 src/main.o
 .debug_macro   0x00000000       0x1c src/main.o
 .debug_macro   0x00000000       0x35 src/main.o
 .debug_macro   0x00000000       0x66 src/main.o
 .debug_macro   0x00000000      0x4d1 src/main.o
 .debug_macro   0x00000000       0x44 src/main.o
 .debug_macro   0x00000000       0x69 src/main.o
 .debug_macro   0x00000000       0x2c src/main.o
 .debug_macro   0x00000000       0x10 src/main.o
 .debug_macro   0x00000000      0x175 src/main.o
 .debug_macro   0x00000000       0x40 src/main.o
 .debug_macro   0x00000000      0x100 src/main.o
 .debug_macro   0x00000000      0x242 src/main.o
 .debug_line    0x00000000      0x318 src/main.o
 .debug_str     0x00000000    0x11085 src/main.o
 .comment       0x00000000       0x31 src/main.o
 .text          0x00000000        0x0 C:\Users\Mikko\Documents\Atmel Studio\arduinoCore\libcore.a(new.cpp.o)
 .data          0x00000000        0x0 C:\Users\Mikko\Documents\Atmel Studio\arduinoCore\libcore.a(new.cpp.o)
 .bss           0x00000000        0x0 C:\Users\Mikko\Documents\Atmel Studio\arduinoCore\libcore.a(new.cpp.o)
 .text.__cxa_guard_acquire
                0x00000000       0x14 C:\Users\Mikko\Documents\Atmel Studio\arduinoCore\libcore.a(new.cpp.o)
 .text.__cxa_guard_release
                0x00000000        0x8 C:\Users\Mikko\Documents\Atmel Studio\arduinoCore\libcore.a(new.cpp.o)
 .text.__cxa_guard_abort
                0x00000000        0x2 C:\Users\Mikko\Documents\Atmel Studio\arduinoCore\libcore.a(new.cpp.o)
 .text.__cxa_pure_virtual
                0x00000000        0x2 C:\Users\Mikko\Documents\Atmel Studio\arduinoCore\libcore.a(new.cpp.o)
 .text._ZdaPv   0x00000000        0x6 C:\Users\Mikko\Documents\Atmel Studio\arduinoCore\libcore.a(new.cpp.o)
 .text._ZdlPv   0x00000000        0x6 C:\Users\Mikko\Documents\Atmel Studio\arduinoCore\libcore.a(new.cpp.o)
 .text._Znaj    0x00000000        0x6 C:\Users\Mikko\Documents\Atmel Studio\arduinoCore\libcore.a(new.cpp.o)
 .text          0x00000000        0x0 C:\Users\Mikko\Documents\Atmel Studio\arduinoCore\libcore.a(malloc.c.o)
 .data          0x00000000        0x0 C:\Users\Mikko\Documents\Atmel Studio\arduinoCore\libcore.a(malloc.c.o)
 .bss           0x00000000        0x0 C:\Users\Mikko\Documents\Atmel Studio\arduinoCore\libcore.a(malloc.c.o)
 .text          0x00000000        0x0 c:/program files (x86)/atmel/atmel toolchain/avr8 gcc/native/3.4.1061/avr8-gnu-toolchain/bin/../lib/gcc/avr/4.8.1/avr6\libgcc.a(_divmodhi4.o)
 .data          0x00000000        0x0 c:/program files (x86)/atmel/atmel toolchain/avr8 gcc/native/3.4.1061/avr8-gnu-toolchain/bin/../lib/gcc/avr/4.8.1/avr6\libgcc.a(_divmodhi4.o)
 .bss           0x00000000        0x0 c:/program files (x86)/atmel/atmel toolchain/avr8 gcc/native/3.4.1061/avr8-gnu-toolchain/bin/../lib/gcc/avr/4.8.1/avr6\libgcc.a(_divmodhi4.o)
 .text.libgcc.mul
                0x00000000        0x0 c:/program files (x86)/atmel/atmel toolchain/avr8 gcc/native/3.4.1061/avr8-gnu-toolchain/bin/../lib/gcc/avr/4.8.1/avr6\libgcc.a(_divmodhi4.o)
 .text.libgcc   0x00000000        0x0 c:/program files (x86)/atmel/atmel toolchain/avr8 gcc/native/3.4.1061/avr8-gnu-toolchain/bin/../lib/gcc/avr/4.8.1/avr6\libgcc.a(_divmodhi4.o)
 .text.libgcc.prologue
                0x00000000        0x0 c:/program files (x86)/atmel/atmel toolchain/avr8 gcc/native/3.4.1061/avr8-gnu-toolchain/bin/../lib/gcc/avr/4.8.1/avr6\libgcc.a(_divmodhi4.o)
 .text.libgcc.builtins
                0x00000000        0x0 c:/program files (x86)/atmel/atmel toolchain/avr8 gcc/native/3.4.1061/avr8-gnu-toolchain/bin/../lib/gcc/avr/4.8.1/avr6\libgcc.a(_divmodhi4.o)
 .text.libgcc.fmul
                0x00000000        0x0 c:/program files (x86)/atmel/atmel toolchain/avr8 gcc/native/3.4.1061/avr8-gnu-toolchain/bin/../lib/gcc/avr/4.8.1/avr6\libgcc.a(_divmodhi4.o)
 .text.libgcc.fixed
                0x00000000        0x0 c:/program files (x86)/atmel/atmel toolchain/avr8 gcc/native/3.4.1061/avr8-gnu-toolchain/bin/../lib/gcc/avr/4.8.1/avr6\libgcc.a(_divmodhi4.o)
 .text          0x00000000        0x0 c:/program files (x86)/atmel/atmel toolchain/avr8 gcc/native/3.4.1061/avr8-gnu-toolchain/bin/../lib/gcc/avr/4.8.1/avr6\libgcc.a(_exit.o)
 .data          0x00000000        0x0 c:/program files (x86)/atmel/atmel toolchain/avr8 gcc/native/3.4.1061/avr8-gnu-toolchain/bin/../lib/gcc/avr/4.8.1/avr6\libgcc.a(_exit.o)
 .bss           0x00000000        0x0 c:/program files (x86)/atmel/atmel toolchain/avr8 gcc/native/3.4.1061/avr8-gnu-toolchain/bin/../lib/gcc/avr/4.8.1/avr6\libgcc.a(_exit.o)
 .text.libgcc.mul
                0x00000000        0x0 c:/program files (x86)/atmel/atmel toolchain/avr8 gcc/native/3.4.1061/avr8-gnu-toolchain/bin/../lib/gcc/avr/4.8.1/avr6\libgcc.a(_exit.o)
 .text.libgcc.div
                0x00000000        0x0 c:/program files (x86)/atmel/atmel toolchain/avr8 gcc/native/3.4.1061/avr8-gnu-toolchain/bin/../lib/gcc/avr/4.8.1/avr6\libgcc.a(_exit.o)
 .text.libgcc   0x00000000        0x0 c:/program files (x86)/atmel/atmel toolchain/avr8 gcc/native/3.4.1061/avr8-gnu-toolchain/bin/../lib/gcc/avr/4.8.1/avr6\libgcc.a(_exit.o)
 .text.libgcc.prologue
                0x00000000        0x0 c:/program files (x86)/atmel/atmel toolchain/avr8 gcc/native/3.4.1061/avr8-gnu-toolchain/bin/../lib/gcc/avr/4.8.1/avr6\libgcc.a(_exit.o)
 .text.libgcc.builtins
                0x00000000        0x0 c:/program files (x86)/atmel/atmel toolchain/avr8 gcc/native/3.4.1061/avr8-gnu-toolchain/bin/../lib/gcc/avr/4.8.1/avr6\libgcc.a(_exit.o)
 .text.libgcc.fmul
                0x00000000        0x0 c:/program files (x86)/atmel/atmel toolchain/avr8 gcc/native/3.4.1061/avr8-gnu-toolchain/bin/../lib/gcc/avr/4.8.1/avr6\libgcc.a(_exit.o)
 .text.libgcc.fixed
                0x00000000        0x0 c:/program files (x86)/atmel/atmel toolchain/avr8 gcc/native/3.4.1061/avr8-gnu-toolchain/bin/../lib/gcc/avr/4.8.1/avr6\libgcc.a(_exit.o)
 .text          0x00000000        0x0 c:/program files (x86)/atmel/atmel toolchain/avr8 gcc/native/3.4.1061/avr8-gnu-toolchain/bin/../lib/gcc/avr/4.8.1/avr6\libgcc.a(_copy_data.o)
 .data          0x00000000        0x0 c:/program files (x86)/atmel/atmel toolchain/avr8 gcc/native/3.4.1061/avr8-gnu-toolchain/bin/../lib/gcc/avr/4.8.1/avr6\libgcc.a(_copy_data.o)
 .bss           0x00000000        0x0 c:/program files (x86)/atmel/atmel toolchain/avr8 gcc/native/3.4.1061/avr8-gnu-toolchain/bin/../lib/gcc/avr/4.8.1/avr6\libgcc.a(_copy_data.o)
 .text.libgcc.mul
                0x00000000        0x0 c:/program files (x86)/atmel/atmel toolchain/avr8 gcc/native/3.4.1061/avr8-gnu-toolchain/bin/../lib/gcc/avr/4.8.1/avr6\libgcc.a(_copy_data.o)
 .text.libgcc.div
                0x00000000        0x0 c:/program files (x86)/atmel/atmel toolchain/avr8 gcc/native/3.4.1061/avr8-gnu-toolchain/bin/../lib/gcc/avr/4.8.1/avr6\libgcc.a(_copy_data.o)
 .text.libgcc   0x00000000        0x0 c:/program files (x86)/atmel/atmel toolchain/avr8 gcc/native/3.4.1061/avr8-gnu-toolchain/bin/../lib/gcc/avr/4.8.1/avr6\libgcc.a(_copy_data.o)
 .text.libgcc.prologue
                0x00000000        0x0 c:/program files (x86)/atmel/atmel toolchain/avr8 gcc/native/3.4.1061/avr8-gnu-toolchain/bin/../lib/gcc/avr/4.8.1/avr6\libgcc.a(_copy_data.o)
 .text.libgcc.builtins
                0x00000000        0x0 c:/program files (x86)/atmel/atmel toolchain/avr8 gcc/native/3.4.1061/avr8-gnu-toolchain/bin/../lib/gcc/avr/4.8.1/avr6\libgcc.a(_copy_data.o)
 .text.libgcc.fmul
                0x00000000        0x0 c:/program files (x86)/atmel/atmel toolchain/avr8 gcc/native/3.4.1061/avr8-gnu-toolchain/bin/../lib/gcc/avr/4.8.1/avr6\libgcc.a(_copy_data.o)
 .text.libgcc.fixed
                0x00000000        0x0 c:/program files (x86)/atmel/atmel toolchain/avr8 gcc/native/3.4.1061/avr8-gnu-toolchain/bin/../lib/gcc/avr/4.8.1/avr6\libgcc.a(_copy_data.o)
 .text          0x00000000        0x0 c:/program files (x86)/atmel/atmel toolchain/avr8 gcc/native/3.4.1061/avr8-gnu-toolchain/bin/../lib/gcc/avr/4.8.1/avr6\libgcc.a(_clear_bss.o)
 .data          0x00000000        0x0 c:/program files (x86)/atmel/atmel toolchain/avr8 gcc/native/3.4.1061/avr8-gnu-toolchain/bin/../lib/gcc/avr/4.8.1/avr6\libgcc.a(_clear_bss.o)
 .bss           0x00000000        0x0 c:/program files (x86)/atmel/atmel toolchain/avr8 gcc/native/3.4.1061/avr8-gnu-toolchain/bin/../lib/gcc/avr/4.8.1/avr6\libgcc.a(_clear_bss.o)
 .text.libgcc.mul
                0x00000000        0x0 c:/program files (x86)/atmel/atmel toolchain/avr8 gcc/native/3.4.1061/avr8-gnu-toolchain/bin/../lib/gcc/avr/4.8.1/avr6\libgcc.a(_clear_bss.o)
 .text.libgcc.div
                0x00000000        0x0 c:/program files (x86)/atmel/atmel toolchain/avr8 gcc/native/3.4.1061/avr8-gnu-toolchain/bin/../lib/gcc/avr/4.8.1/avr6\libgcc.a(_clear_bss.o)
 .text.libgcc   0x00000000        0x0 c:/program files (x86)/atmel/atmel toolchain/avr8 gcc/native/3.4.1061/avr8-gnu-toolchain/bin/../lib/gcc/avr/4.8.1/avr6\libgcc.a(_clear_bss.o)
 .text.libgcc.prologue
                0x00000000        0x0 c:/program files (x86)/atmel/atmel toolchain/avr8 gcc/native/3.4.1061/avr8-gnu-toolchain/bin/../lib/gcc/avr/4.8.1/avr6\libgcc.a(_clear_bss.o)
 .text.libgcc.builtins
                0x00000000        0x0 c:/program files (x86)/atmel/atmel toolchain/avr8 gcc/native/3.4.1061/avr8-gnu-toolchain/bin/../lib/gcc/avr/4.8.1/avr6\libgcc.a(_clear_bss.o)
 .text.libgcc.fmul
                0x00000000        0x0 c:/program files (x86)/atmel/atmel toolchain/avr8 gcc/native/3.4.1061/avr8-gnu-toolchain/bin/../lib/gcc/avr/4.8.1/avr6\libgcc.a(_clear_bss.o)
 .text.libgcc.fixed
                0x00000000        0x0 c:/program files (x86)/atmel/atmel toolchain/avr8 gcc/native/3.4.1061/avr8-gnu-toolchain/bin/../lib/gcc/avr/4.8.1/avr6\libgcc.a(_clear_bss.o)
 .text          0x00000000        0x0 c:/program files (x86)/atmel/atmel toolchain/avr8 gcc/native/3.4.1061/avr8-gnu-toolchain/bin/../lib/gcc/avr/4.8.1/avr6\libgcc.a(_udivmodhi4.o)
 .data          0x00000000        0x0 c:/program files (x86)/atmel/atmel toolchain/avr8 gcc/native/3.4.1061/avr8-gnu-toolchain/bin/../lib/gcc/avr/4.8.1/avr6\libgcc.a(_udivmodhi4.o)
 .bss           0x00000000        0x0 c:/program files (x86)/atmel/atmel toolchain/avr8 gcc/native/3.4.1061/avr8-gnu-toolchain/bin/../lib/gcc/avr/4.8.1/avr6\libgcc.a(_udivmodhi4.o)
 .text.libgcc.mul
                0x00000000        0x0 c:/program files (x86)/atmel/atmel toolchain/avr8 gcc/native/3.4.1061/avr8-gnu-toolchain/bin/../lib/gcc/avr/4.8.1/avr6\libgcc.a(_udivmodhi4.o)
 .text.libgcc   0x00000000        0x0 c:/program files (x86)/atmel/atmel toolchain/avr8 gcc/native/3.4.1061/avr8-gnu-toolchain/bin/../lib/gcc/avr/4.8.1/avr6\libgcc.a(_udivmodhi4.o)
 .text.libgcc.prologue
                0x00000000        0x0 c:/program files (x86)/atmel/atmel toolchain/avr8 gcc/native/3.4.1061/avr8-gnu-toolchain/bin/../lib/gcc/avr/4.8.1/avr6\libgcc.a(_udivmodhi4.o)
 .text.libgcc.builtins
                0x00000000        0x0 c:/program files (x86)/atmel/atmel toolchain/avr8 gcc/native/3.4.1061/avr8-gnu-toolchain/bin/../lib/gcc/avr/4.8.1/avr6\libgcc.a(_udivmodhi4.o)
 .text.libgcc.fmul
                0x00000000        0x0 c:/program files (x86)/atmel/atmel toolchain/avr8 gcc/native/3.4.1061/avr8-gnu-toolchain/bin/../lib/gcc/avr/4.8.1/avr6\libgcc.a(_udivmodhi4.o)
 .text.libgcc.fixed
                0x00000000        0x0 c:/program files (x86)/atmel/atmel toolchain/avr8 gcc/native/3.4.1061/avr8-gnu-toolchain/bin/../lib/gcc/avr/4.8.1/avr6\libgcc.a(_udivmodhi4.o)
 .text          0x00000000        0x0 c:/program files (x86)/atmel/atmel toolchain/avr8 gcc/native/3.4.1061/avr8-gnu-toolchain/bin/../lib/gcc/avr/4.8.1/../../../../avr/lib/avr6\libc.a(sprintf.o)
 .data          0x00000000        0x0 c:/program files (x86)/atmel/atmel toolchain/avr8 gcc/native/3.4.1061/avr8-gnu-toolchain/bin/../lib/gcc/avr/4.8.1/../../../../avr/lib/avr6\libc.a(sprintf.o)
 .bss           0x00000000        0x0 c:/program files (x86)/atmel/atmel toolchain/avr8 gcc/native/3.4.1061/avr8-gnu-toolchain/bin/../lib/gcc/avr/4.8.1/../../../../avr/lib/avr6\libc.a(sprintf.o)
 .text          0x00000000        0x0 c:/program files (x86)/atmel/atmel toolchain/avr8 gcc/native/3.4.1061/avr8-gnu-toolchain/bin/../lib/gcc/avr/4.8.1/../../../../avr/lib/avr6\libc.a(vfprintf_std.o)
 .data          0x00000000        0x0 c:/program files (x86)/atmel/atmel toolchain/avr8 gcc/native/3.4.1061/avr8-gnu-toolchain/bin/../lib/gcc/avr/4.8.1/../../../../avr/lib/avr6\libc.a(vfprintf_std.o)
 .bss           0x00000000        0x0 c:/program files (x86)/atmel/atmel toolchain/avr8 gcc/native/3.4.1061/avr8-gnu-toolchain/bin/../lib/gcc/avr/4.8.1/../../../../avr/lib/avr6\libc.a(vfprintf_std.o)
 .text          0x00000000        0x0 c:/program files (x86)/atmel/atmel toolchain/avr8 gcc/native/3.4.1061/avr8-gnu-toolchain/bin/../lib/gcc/avr/4.8.1/../../../../avr/lib/avr6\libc.a(strnlen_P.o)
 .data          0x00000000        0x0 c:/program files (x86)/atmel/atmel toolchain/avr8 gcc/native/3.4.1061/avr8-gnu-toolchain/bin/../lib/gcc/avr/4.8.1/../../../../avr/lib/avr6\libc.a(strnlen_P.o)
 .bss           0x00000000        0x0 c:/program files (x86)/atmel/atmel toolchain/avr8 gcc/native/3.4.1061/avr8-gnu-toolchain/bin/../lib/gcc/avr/4.8.1/../../../../avr/lib/avr6\libc.a(strnlen_P.o)
 .text          0x00000000        0x0 c:/program files (x86)/atmel/atmel toolchain/avr8 gcc/native/3.4.1061/avr8-gnu-toolchain/bin/../lib/gcc/avr/4.8.1/../../../../avr/lib/avr6\libc.a(strnlen.o)
 .data          0x00000000        0x0 c:/program files (x86)/atmel/atmel toolchain/avr8 gcc/native/3.4.1061/avr8-gnu-toolchain/bin/../lib/gcc/avr/4.8.1/../../../../avr/lib/avr6\libc.a(strnlen.o)
 .bss           0x00000000        0x0 c:/program files (x86)/atmel/atmel toolchain/avr8 gcc/native/3.4.1061/avr8-gnu-toolchain/bin/../lib/gcc/avr/4.8.1/../../../../avr/lib/avr6\libc.a(strnlen.o)
 .text          0x00000000        0x0 c:/program files (x86)/atmel/atmel toolchain/avr8 gcc/native/3.4.1061/avr8-gnu-toolchain/bin/../lib/gcc/avr/4.8.1/../../../../avr/lib/avr6\libc.a(fputc.o)
 .data          0x00000000        0x0 c:/program files (x86)/atmel/atmel toolchain/avr8 gcc/native/3.4.1061/avr8-gnu-toolchain/bin/../lib/gcc/avr/4.8.1/../../../../avr/lib/avr6\libc.a(fputc.o)
 .bss           0x00000000        0x0 c:/program files (x86)/atmel/atmel toolchain/avr8 gcc/native/3.4.1061/avr8-gnu-toolchain/bin/../lib/gcc/avr/4.8.1/../../../../avr/lib/avr6\libc.a(fputc.o)
 .text          0x00000000        0x0 c:/program files (x86)/atmel/atmel toolchain/avr8 gcc/native/3.4.1061/avr8-gnu-toolchain/bin/../lib/gcc/avr/4.8.1/../../../../avr/lib/avr6\libc.a(ultoa_invert.o)
 .data          0x00000000        0x0 c:/program files (x86)/atmel/atmel toolchain/avr8 gcc/native/3.4.1061/avr8-gnu-toolchain/bin/../lib/gcc/avr/4.8.1/../../../../avr/lib/avr6\libc.a(ultoa_invert.o)
 .bss           0x00000000        0x0 c:/program files (x86)/atmel/atmel toolchain/avr8 gcc/native/3.4.1061/avr8-gnu-toolchain/bin/../lib/gcc/avr/4.8.1/../../../../avr/lib/avr6\libc.a(ultoa_invert.o)

Memory Configuration

Name             Origin             Length             Attributes
text             0x00000000         0x00100000         xr
data             0x00800200         0x0000fe00         rw !x
eeprom           0x00810000         0x00010000         rw !x
fuse             0x00820000         0x00000400         rw !x
lock             0x00830000         0x00000400         rw !x
signature        0x00840000         0x00000400         rw !x
user_signatures  0x00850000         0x00000400         rw !x
*default*        0x00000000         0xffffffff

Linker script and memory map

Address of section .data set to 0x800200
LOAD c:/program files (x86)/atmel/atmel toolchain/avr8 gcc/native/3.4.1061/avr8-gnu-toolchain/bin/../lib/gcc/avr/4.8.1/../../../../avr/lib/avr6/crtm2560.o
LOAD os.o
LOAD project2.o
LOAD tests/test0_now.o
LOAD tests/test10_service_system_multiple.o
LOAD tests/test11_service_system_rr.o
LOAD tests/test12_service_system_periodic.o
LOAD tests/test13_service_subscribe_error.o
LOAD tests/test14_service_periodic_error.o
LOAD tests/test1_system.o
LOAD tests/test2_rr.o
LOAD tests/test3_system_rr.o
LOAD tests/test4_periodic.o
LOAD tests/test5_periodic_two.o
LOAD tests/test6_periodic_complex.o
LOAD tests/test7_tasks_all.o
LOAD tests/test8_service_system.o
LOAD tests/test9_service_rr.o
LOAD trace/trace.o
LOAD uart/uart.o
LOAD src/ASF/mega/boards/stk600/rcx_x/init.o
LOAD src/main.o
START GROUP
LOAD c:/program files (x86)/atmel/atmel toolchain/avr8 gcc/native/3.4.1061/avr8-gnu-toolchain/bin/../lib/gcc/avr/4.8.1/../../../../avr/lib/avr6\libm.a
LOAD C:\Users\Mikko\Documents\Atmel Studio\arduinoCore\libcore.a
END GROUP
LOAD c:/program files (x86)/atmel/atmel toolchain/avr8 gcc/native/3.4.1061/avr8-gnu-toolchain/bin/../lib/gcc/avr/4.8.1/avr6\libgcc.a
LOAD c:/program files (x86)/atmel/atmel toolchain/avr8 gcc/native/3.4.1061/avr8-gnu-toolchain/bin/../lib/gcc/avr/4.8.1/../../../../avr/lib/avr6\libm.a
START GROUP
LOAD c:/program files (x86)/atmel/atmel toolchain/avr8 gcc/native/3.4.1061/avr8-gnu-toolchain/bin/../lib/gcc/avr/4.8.1/avr6\libgcc.a
LOAD c:/program files (x86)/atmel/atmel toolchain/avr8 gcc/native/3.4.1061/avr8-gnu-toolchain/bin/../lib/gcc/avr/4.8.1/../../../../avr/lib/avr6\libm.a
LOAD c:/program files (x86)/atmel/atmel toolchain/avr8 gcc/native/3.4.1061/avr8-gnu-toolchain/bin/../lib/gcc/avr/4.8.1/../../../../avr/lib/avr6\libc.a
END GROUP

.hash
 *(.hash)

.dynsym
 *(.dynsym)

.dynstr
 *(.dynstr)

.gnu.version
 *(.gnu.version)

.gnu.version_d
 *(.gnu.version_d)

.gnu.version_r
 *(.gnu.version_r)

.rel.init
 *(.rel.init)

.rela.init
 *(.rela.init)

.rel.text
 *(.rel.text)
 *(.rel.text.*)
 *(.rel.gnu.linkonce.t*)

.rela.text
 *(.rela.text)
 *(.rela.text.*)
 *(.rela.gnu.linkonce.t*)

.rel.fini
 *(.rel.fini)

.rela.fini
 *(.rela.fini)

.rel.rodata
 *(.rel.rodata)
 *(.rel.rodata.*)
 *(.rel.gnu.linkonce.r*)

.rela.rodata
 *(.rela.rodata)
 *(.rela.rodata.*)
 *(.rela.gnu.linkonce.r*)

.rel.data
 *(.rel.data)
 *(.rel.data.*)
 *(.rel.gnu.linkonce.d*)

.rela.data
 *(.rela.data)
 *(.rela.data.*)
 *(.rela.gnu.linkonce.d*)

.rel.ctors
 *(.rel.ctors)

.rela.ctors
 *(.rela.ctors)

.rel.dtors
 *(.rel.dtors)

.rela.dtors
 *(.rela.dtors)

.rel.got
 *(.rel.got)

.rela.got
 *(.rela.got)

.rel.bss
 *(.rel.bss)

.rela.bss
 *(.rela.bss)

.rel.plt
 *(.rel.plt)

.rela.plt
 *(.rela.plt)

.text           0x00000000     0x1580
 *(.vectors)
 .vectors       0x00000000       0xe4 c:/program files (x86)/atmel/atmel toolchain/avr8 gcc/native/3.4.1061/avr8-gnu-toolchain/bin/../lib/gcc/avr/4.8.1/../../../../avr/lib/avr6/crtm2560.o
                0x00000000                __vector_default
                0x00000000                __vectors
 *(.vectors)
 *(.progmem.gcc*)
                0x000000e4                . = ALIGN (0x2)
                0x000000e4                __trampolines_start = .
 *(.trampolines)
 .trampolines   0x000000e4        0x0 linker stubs
 *(.trampolines*)
                0x000000e4                __trampolines_end = .
 *(.progmem*)
                0x000000e4                . = ALIGN (0x2)
 *(.jumptables)
 *(.jumptables*)
 *(.lowtext)
 *(.lowtext*)
                0x000000e4                __ctors_start = .
 *(.ctors)
                0x000000e4                __ctors_end = .
                0x000000e4                __dtors_start = .
 *(.dtors)
                0x000000e4                __dtors_end = .
 SORT(*)(.ctors)
 SORT(*)(.dtors)
 *(.init0)
 .init0         0x000000e4        0x0 c:/program files (x86)/atmel/atmel toolchain/avr8 gcc/native/3.4.1061/avr8-gnu-toolchain/bin/../lib/gcc/avr/4.8.1/../../../../avr/lib/avr6/crtm2560.o
                0x000000e4                __init
 *(.init0)
 *(.init1)
 *(.init1)
 *(.init2)
 .init2         0x000000e4       0x10 c:/program files (x86)/atmel/atmel toolchain/avr8 gcc/native/3.4.1061/avr8-gnu-toolchain/bin/../lib/gcc/avr/4.8.1/../../../../avr/lib/avr6/crtm2560.o
 *(.init2)
 *(.init3)
 *(.init3)
 *(.init4)
 .init4         0x000000f4       0x1a c:/program files (x86)/atmel/atmel toolchain/avr8 gcc/native/3.4.1061/avr8-gnu-toolchain/bin/../lib/gcc/avr/4.8.1/avr6\libgcc.a(_copy_data.o)
                0x000000f4                __do_copy_data
 .init4         0x0000010e       0x10 c:/program files (x86)/atmel/atmel toolchain/avr8 gcc/native/3.4.1061/avr8-gnu-toolchain/bin/../lib/gcc/avr/4.8.1/avr6\libgcc.a(_clear_bss.o)
                0x0000010e                __do_clear_bss
 *(.init4)
 *(.init5)
 *(.init5)
 *(.init6)
 *(.init6)
 *(.init7)
 *(.init7)
 *(.init8)
 *(.init8)
 *(.init9)
 .init9         0x0000011e        0x6 c:/program files (x86)/atmel/atmel toolchain/avr8 gcc/native/3.4.1061/avr8-gnu-toolchain/bin/../lib/gcc/avr/4.8.1/../../../../avr/lib/avr6/crtm2560.o
 *(.init9)
 *(.text)
 .text          0x00000124        0x2 c:/program files (x86)/atmel/atmel toolchain/avr8 gcc/native/3.4.1061/avr8-gnu-toolchain/bin/../lib/gcc/avr/4.8.1/../../../../avr/lib/avr6/crtm2560.o
                0x00000124                __vector_38
                0x00000124                __vector_22
                0x00000124                __vector_28
                0x00000124                __vector_1
                0x00000124                __vector_32
                0x00000124                __vector_34
                0x00000124                __vector_24
                0x00000124                __vector_12
                0x00000124                __vector_55
                0x00000124                __vector_46
                0x00000124                __bad_interrupt
                0x00000124                __vector_6
                0x00000124                __vector_31
                0x00000124                __vector_35
                0x00000124                __vector_39
                0x00000124                __vector_3
                0x00000124                __vector_23
                0x00000124                __vector_30
                0x00000124                __vector_45
                0x00000124                __vector_11
                0x00000124                __vector_54
                0x00000124                __vector_13
                0x00000124                __vector_19
                0x00000124                __vector_56
                0x00000124                __vector_7
                0x00000124                __vector_49
                0x00000124                __vector_41
                0x00000124                __vector_43
                0x00000124                __vector_27
                0x00000124                __vector_5
                0x00000124                __vector_33
                0x00000124                __vector_47
                0x00000124                __vector_52
                0x00000124                __vector_37
                0x00000124                __vector_4
                0x00000124                __vector_44
                0x00000124                __vector_51
                0x00000124                __vector_9
                0x00000124                __vector_2
                0x00000124                __vector_21
                0x00000124                __vector_15
                0x00000124                __vector_36
                0x00000124                __vector_29
                0x00000124                __vector_40
                0x00000124                __vector_8
                0x00000124                __vector_26
                0x00000124                __vector_48
                0x00000124                __vector_14
                0x00000124                __vector_53
                0x00000124                __vector_10
                0x00000124                __vector_50
                0x00000124                __vector_16
                0x00000124                __vector_18
                0x00000124                __vector_20
                0x00000124                __vector_42
                0x00000126                . = ALIGN (0x2)
 *(.text.*)
 .text._ZL4idlev
                0x00000126        0x2 os.o
 .text._ZL11exit_kernelv
                0x00000128       0xb2 os.o
 .text._ZL12enter_kernelv
                0x000001da       0xb2 os.o
 .text._ZL7enqueueP7queue_tP9td_struct
                0x0000028c       0x2c os.o
 .text.Task_Terminate
                0x000002b8       0x14 os.o
                0x000002b8                Task_Terminate
 .text._ZL7dequeueP7queue_t.isra.1
                0x000002cc       0x20 os.o
 .text._ZL18kernel_create_taskv
                0x000002ec      0x13e os.o
 .text.__vector_17
                0x0000042a       0xd6 os.o
                0x0000042a                __vector_17
 .text.OS_Abort
                0x00000500       0xb6 os.o
                0x00000500                OS_Abort
 .text._Z7OS_Initv
                0x000005b6      0x3ae os.o
                0x000005b6                _Z7OS_Initv
 .text.Service_Init
                0x00000964       0x1c os.o
                0x00000964                Service_Init
 .text.Service_Subscribe
                0x00000980       0x5c os.o
                0x00000980                Service_Subscribe
 .text.Service_Publish
                0x000009dc       0x56 os.o
                0x000009dc                Service_Publish
 .text.Task_Create_System
                0x00000a32       0x32 os.o
                0x00000a32                Task_Create_System
 .text.Task_Create_Periodic
                0x00000a64       0x60 os.o
                0x00000a64                Task_Create_Periodic
 .text.startup.main
                0x00000ac4        0x2 os.o
                0x00000ac4                main
 .text._Z1sv    0x00000ac6       0x36 project2.o
                0x00000ac6                _Z1sv
 .text._Z2rrv   0x00000afc       0x1c project2.o
                0x00000afc                _Z2rrv
 .text._Z6r_mainv
                0x00000b18       0x68 project2.o
                0x00000b18                _Z6r_mainv
 .text._Z11print_tracev
                0x00000b80       0xb2 trace/trace.o
                0x00000b80                _Z11print_tracev
 .text._Z12add_to_tracej
                0x00000c32       0x38 trace/trace.o
                0x00000c32                _Z12add_to_tracej
 .text._Z14set_trace_testh
                0x00000c6a        0x6 trace/trace.o
                0x00000c6a                _Z14set_trace_testh
 .text._Z12uart_putcharc
                0x00000c70       0x12 uart/uart.o
                0x00000c70                _Z12uart_putcharc
 .text._Z11uart_putstrPc
                0x00000c82       0x16 uart/uart.o
                0x00000c82                _Z11uart_putstrPc
 .text._Z10uart_writePhi
                0x00000c98        0x8 uart/uart.o
                0x00000c98                _Z10uart_writePhi
 .text._Z9uart_initv
                0x00000ca0       0x24 uart/uart.o
                0x00000ca0                _Z9uart_initv
 .text.__vector_25
                0x00000cc4       0x78 uart/uart.o
                0x00000cc4                __vector_25
 .text._Znwj    0x00000d3c        0x4 C:\Users\Mikko\Documents\Atmel Studio\arduinoCore\libcore.a(new.cpp.o)
                0x00000d3c                _Znwj
 .text.avr-libc
                0x00000d40      0x26a C:\Users\Mikko\Documents\Atmel Studio\arduinoCore\libcore.a(malloc.c.o)
                0x00000d40                malloc
                0x00000e7a                free
 .text.libgcc.div
                0x00000faa       0x26 c:/program files (x86)/atmel/atmel toolchain/avr8 gcc/native/3.4.1061/avr8-gnu-toolchain/bin/../lib/gcc/avr/4.8.1/avr6\libgcc.a(_divmodhi4.o)
                0x00000faa                _div
                0x00000faa                __divmodhi4
 .text.libgcc.div
                0x00000fd0       0x28 c:/program files (x86)/atmel/atmel toolchain/avr8 gcc/native/3.4.1061/avr8-gnu-toolchain/bin/../lib/gcc/avr/4.8.1/avr6\libgcc.a(_udivmodhi4.o)
                0x00000fd0                __udivmodhi4
 .text.avr-libc
                0x00000ff8       0x5c c:/program files (x86)/atmel/atmel toolchain/avr8 gcc/native/3.4.1061/avr8-gnu-toolchain/bin/../lib/gcc/avr/4.8.1/../../../../avr/lib/avr6\libc.a(sprintf.o)
                0x00000ff8                sprintf
 .text.avr-libc
                0x00001054      0x3dc c:/program files (x86)/atmel/atmel toolchain/avr8 gcc/native/3.4.1061/avr8-gnu-toolchain/bin/../lib/gcc/avr/4.8.1/../../../../avr/lib/avr6\libc.a(vfprintf_std.o)
                0x00001054                vfprintf
 .text.avr-libc
                0x00001430       0x16 c:/program files (x86)/atmel/atmel toolchain/avr8 gcc/native/3.4.1061/avr8-gnu-toolchain/bin/../lib/gcc/avr/4.8.1/../../../../avr/lib/avr6\libc.a(strnlen_P.o)
                0x00001430                strnlen_P
 .text.avr-libc
                0x00001446       0x16 c:/program files (x86)/atmel/atmel toolchain/avr8 gcc/native/3.4.1061/avr8-gnu-toolchain/bin/../lib/gcc/avr/4.8.1/../../../../avr/lib/avr6\libc.a(strnlen.o)
                0x00001446                strnlen
 .text.avr-libc
                0x0000145c       0x64 c:/program files (x86)/atmel/atmel toolchain/avr8 gcc/native/3.4.1061/avr8-gnu-toolchain/bin/../lib/gcc/avr/4.8.1/../../../../avr/lib/avr6\libc.a(fputc.o)
                0x0000145c                fputc
 .text.avr-libc
                0x000014c0       0xbc c:/program files (x86)/atmel/atmel toolchain/avr8 gcc/native/3.4.1061/avr8-gnu-toolchain/bin/../lib/gcc/avr/4.8.1/../../../../avr/lib/avr6\libc.a(ultoa_invert.o)
                0x000014c0                __ultoa_invert
                0x0000157c                . = ALIGN (0x2)
 *(.fini9)
 .fini9         0x0000157c        0x0 c:/program files (x86)/atmel/atmel toolchain/avr8 gcc/native/3.4.1061/avr8-gnu-toolchain/bin/../lib/gcc/avr/4.8.1/avr6\libgcc.a(_exit.o)
                0x0000157c                _exit
                0x0000157c                exit
 *(.fini9)
 *(.fini8)
 *(.fini8)
 *(.fini7)
 *(.fini7)
 *(.fini6)
 *(.fini6)
 *(.fini5)
 *(.fini5)
 *(.fini4)
 *(.fini4)
 *(.fini3)
 *(.fini3)
 *(.fini2)
 *(.fini2)
 *(.fini1)
 *(.fini1)
 *(.fini0)
 .fini0         0x0000157c        0x4 c:/program files (x86)/atmel/atmel toolchain/avr8 gcc/native/3.4.1061/avr8-gnu-toolchain/bin/../lib/gcc/avr/4.8.1/avr6\libgcc.a(_exit.o)
 *(.fini0)
                0x00001580                _etext = .

.data           0x00800200       0x12 load address 0x00001580
                0x00800200                PROVIDE (__data_start, .)
 *(.data)
 *(.data*)
 .data._ZL9error_msg
                0x00800200        0x1 os.o
 .data.__malloc_margin
                0x00800201        0x2 C:\Users\Mikko\Documents\Atmel Studio\arduinoCore\libcore.a(malloc.c.o)
                0x00800201                __malloc_margin
 .data.__malloc_heap_start
                0x00800203        0x2 C:\Users\Mikko\Documents\Atmel Studio\arduinoCore\libcore.a(malloc.c.o)
                0x00800203                __malloc_heap_start
 .data.__malloc_heap_end
                0x00800205        0x2 C:\Users\Mikko\Documents\Atmel Studio\arduinoCore\libcore.a(malloc.c.o)
                0x00800205                __malloc_heap_end
 *(.rodata)
 *(.rodata*)
 .rodata.str1.1
                0x00800207        0xb trace/trace.o
 *(.gnu.linkonce.d*)
                0x00800212                . = ALIGN (0x2)
                0x00800212                _edata = .
                0x00800212                PROVIDE (__data_end, .)

.bss            0x00800212      0xc7e
                0x00800212                PROVIDE (__bss_start, .)
 *(.bss)
 *(.bss*)
 .bss._ZL16name_to_task_ptr
                0x00800212       0x12 os.o
 .bss._ZL13ticks_counter
                0x00800224        0x1 os.o
 .bss._ZL12system_queue
                0x00800225        0x4 os.o
 .bss._ZL14periodic_queue
                0x00800229        0x4 os.o
 .bss._ZL8rr_queue
                0x0080022d        0x4 os.o
 .bss._ZL15dead_pool_queue
                0x00800231        0x4 os.o
 .bss._ZL21kernel_request_retval
                0x00800235        0x2 os.o
 .bss._ZL26kernel_request_create_args
                0x00800237        0xf os.o
 .bss._ZL14kernel_request
                0x00800246        0x1 os.o
 .bss._ZL9task_desc
                0x00800247      0x9b4 os.o
 .bss._ZL9kernel_sp
                0x00800bfb        0x2 os.o
 .bss._ZL8cur_task
                0x00800bfd        0x2 os.o
 .bss.serviceTest
                0x00800bff        0x2 project2.o
                0x00800bff                serviceTest
 .bss.trace_buffer
                0x00800c01       0x20 trace/trace.o
                0x00800c01                trace_buffer
 .bss.trace_counter
                0x00800c21        0x2 trace/trace.o
                0x00800c21                trace_counter
 .bss.trace_array
                0x00800c23      0x200 trace/trace.o
                0x00800c23                trace_array
 .bss.trace_printed
                0x00800e23        0x1 trace/trace.o
                0x00800e23                trace_printed
 .bss.trace_number
                0x00800e24        0x1 trace/trace.o
                0x00800e24                trace_number
 .bss._ZL7uart_rx
                0x00800e25        0x1 uart/uart.o
 .bss._ZL2rx    0x00800e26       0x64 uart/uart.o
 .bss._ZL3rxn   0x00800e8a        0x2 uart/uart.o
 *(COMMON)
 COMMON         0x00800e8c        0x4 C:\Users\Mikko\Documents\Atmel Studio\arduinoCore\libcore.a(malloc.c.o)
                0x00800e8c                __brkval
                0x00800e8e                __flp
                0x00800e90                PROVIDE (__bss_end, .)
                0x00001580                __data_load_start = LOADADDR (.data)
                0x00001592                __data_load_end = (__data_load_start + SIZEOF (.data))

.noinit         0x00800e90        0x0
                0x00800e90                PROVIDE (__noinit_start, .)
 *(.noinit*)
                0x00800e90                PROVIDE (__noinit_end, .)
                0x00800e90                _end = .
                0x00800e90                PROVIDE (__heap_start, .)

.eeprom         0x00810000        0x0
 *(.eeprom*)
                0x00810000                __eeprom_end = .

.fuse
 *(.fuse)
 *(.lfuse)
 *(.hfuse)
 *(.efuse)

.lock
 *(.lock*)

.signature
 *(.signature*)

.user_signatures
 *(.user_signatures*)

.stab
 *(.stab)

.stabstr
 *(.stabstr)

.stab.excl
 *(.stab.excl)

.stab.exclstr
 *(.stab.exclstr)

.stab.index
 *(.stab.index)

.stab.indexstr
 *(.stab.indexstr)

.comment        0x00000000       0x5c
 *(.comment)
 .comment       0x00000000       0x30 os.o
                                 0x31 (size before relaxing)
 .comment       0x00000000       0x31 project2.o
 .comment       0x00000000       0x31 trace/trace.o
 .comment       0x00000000       0x31 uart/uart.o
 .comment       0x00000000       0x31 c:/program files (x86)/atmel/atmel toolchain/avr8 gcc/native/3.4.1061/avr8-gnu-toolchain/bin/../lib/gcc/avr/4.8.1/../../../../avr/lib/avr6\libc.a(sprintf.o)
 .comment       0x00000030       0x2c c:/program files (x86)/atmel/atmel toolchain/avr8 gcc/native/3.4.1061/avr8-gnu-toolchain/bin/../lib/gcc/avr/4.8.1/../../../../avr/lib/avr6\libc.a(vfprintf_std.o)
                                 0x2d (size before relaxing)
 .comment       0x00000000       0x31 c:/program files (x86)/atmel/atmel toolchain/avr8 gcc/native/3.4.1061/avr8-gnu-toolchain/bin/../lib/gcc/avr/4.8.1/../../../../avr/lib/avr6\libc.a(fputc.o)

.note.gnu.build-id
 *(.note.gnu.build-id)

.debug
 *(.debug)

.line
 *(.line)

.debug_srcinfo
 *(.debug_srcinfo)

.debug_sfnames
 *(.debug_sfnames)

.debug_aranges  0x00000000      0x200
 *(.debug_aranges)
 .debug_aranges
                0x00000000       0xb8 os.o
 .debug_aranges
                0x000000b8       0x30 project2.o
 .debug_aranges
                0x000000e8       0x40 trace/trace.o
 .debug_aranges
                0x00000128       0x58 uart/uart.o
 .debug_aranges
                0x00000180       0x58 C:\Users\Mikko\Documents\Atmel Studio\arduinoCore\libcore.a(new.cpp.o)
 .debug_aranges
                0x000001d8       0x28 C:\Users\Mikko\Documents\Atmel Studio\arduinoCore\libcore.a(malloc.c.o)

.debug_pubnames
                0x00000000      0x13e
 *(.debug_pubnames)
 .debug_pubnames
                0x00000000       0xbf C:\Users\Mikko\Documents\Atmel Studio\arduinoCore\libcore.a(new.cpp.o)
 .debug_pubnames
                0x000000bf       0x7f C:\Users\Mikko\Documents\Atmel Studio\arduinoCore\libcore.a(malloc.c.o)

.debug_info     0x00000000     0x1ebd
 *(.debug_info .gnu.linkonce.wi.*)
 .debug_info    0x00000000     0x102e os.o
 .debug_info    0x0000102e      0x617 project2.o
 .debug_info    0x00001645      0x26f trace/trace.o
 .debug_info    0x000018b4      0x24b uart/uart.o
 .debug_info    0x00001aff      0x195 C:\Users\Mikko\Documents\Atmel Studio\arduinoCore\libcore.a(new.cpp.o)
 .debug_info    0x00001c94      0x229 C:\Users\Mikko\Documents\Atmel Studio\arduinoCore\libcore.a(malloc.c.o)

.debug_abbrev   0x00000000      0xb39
 *(.debug_abbrev)
 .debug_abbrev  0x00000000      0x425 os.o
 .debug_abbrev  0x00000425      0x206 project2.o
 .debug_abbrev  0x0000062b      0x186 trace/trace.o
 .debug_abbrev  0x000007b1      0x184 uart/uart.o
 .debug_abbrev  0x00000935       0xf7 C:\Users\Mikko\Documents\Atmel Studio\arduinoCore\libcore.a(new.cpp.o)
 .debug_abbrev  0x00000a2c      0x10d C:\Users\Mikko\Documents\Atmel Studio\arduinoCore\libcore.a(malloc.c.o)

.debug_line     0x00000000     0x1441
 *(.debug_line .debug_line.* .debug_line_end)
 .debug_line    0x00000000      0x972 os.o
 .debug_line    0x00000972      0x1fb project2.o
 .debug_line    0x00000b6d      0x197 trace/trace.o
 .debug_line    0x00000d04      0x1d5 uart/uart.o
 .debug_line    0x00000ed9      0x220 C:\Users\Mikko\Documents\Atmel Studio\arduinoCore\libcore.a(new.cpp.o)
 .debug_line    0x000010f9      0x348 C:\Users\Mikko\Documents\Atmel Studio\arduinoCore\libcore.a(malloc.c.o)

.debug_frame    0x00000000      0x470
 *(.debug_frame)
 .debug_frame   0x00000000      0x1c0 os.o
 .debug_frame   0x000001c0       0x60 project2.o
 .debug_frame   0x00000220       0xb8 trace/trace.o
 .debug_frame   0x000002d8       0xd8 uart/uart.o
 .debug_frame   0x000003b0       0x90 C:\Users\Mikko\Documents\Atmel Studio\arduinoCore\libcore.a(new.cpp.o)
 .debug_frame   0x00000440       0x30 C:\Users\Mikko\Documents\Atmel Studio\arduinoCore\libcore.a(malloc.c.o)

.debug_str      0x00000000      0xc38
 *(.debug_str)
 .debug_str     0x00000000      0x77e os.o
                                0x834 (size before relaxing)
 .debug_str     0x0000077e      0x130 project2.o
                                0x3bf (size before relaxing)
 .debug_str     0x000008ae       0xc7 trace/trace.o
                                0x2f4 (size before relaxing)
 .debug_str     0x00000975       0xdb uart/uart.o
                                0x2d7 (size before relaxing)
 .debug_str     0x00000a50       0xfc C:\Users\Mikko\Documents\Atmel Studio\arduinoCore\libcore.a(new.cpp.o)
                                0x133 (size before relaxing)
 .debug_str     0x00000b4c       0xec C:\Users\Mikko\Documents\Atmel Studio\arduinoCore\libcore.a(malloc.c.o)
                                0x15f (size before relaxing)

.debug_loc      0x00000000     0x10d6
 *(.debug_loc)
 .debug_loc     0x00000000      0x8cc os.o
 .debug_loc     0x000008cc       0x77 project2.o
 .debug_loc     0x00000943      0x1d1 trace/trace.o
 .debug_loc     0x00000b14      0x1ba uart/uart.o
 .debug_loc     0x00000cce       0xb0 C:\Users\Mikko\Documents\Atmel Studio\arduinoCore\libcore.a(new.cpp.o)
 .debug_loc     0x00000d7e      0x358 C:\Users\Mikko\Documents\Atmel Studio\arduinoCore\libcore.a(malloc.c.o)

.debug_macinfo
 *(.debug_macinfo)

.debug_weaknames
 *(.debug_weaknames)

.debug_funcnames
 *(.debug_funcnames)

.debug_typenames
 *(.debug_typenames)

.debug_varnames
 *(.debug_varnames)

.debug_pubtypes
 *(.debug_pubtypes)

.debug_ranges   0x00000000      0x1f8
 *(.debug_ranges)
 .debug_ranges  0x00000000       0xf0 os.o
 .debug_ranges  0x000000f0       0x20 project2.o
 .debug_ranges  0x00000110       0x30 trace/trace.o
 .debug_ranges  0x00000140       0x48 uart/uart.o
 .debug_ranges  0x00000188       0x50 C:\Users\Mikko\Documents\Atmel Studio\arduinoCore\libcore.a(new.cpp.o)
 .debug_ranges  0x000001d8       0x20 C:\Users\Mikko\Documents\Atmel Studio\arduinoCore\libcore.a(malloc.c.o)

.debug_macro
 *(.debug_macro)
OUTPUT(project2.elf elf32-avr)
LOAD linker stubs
