Archive member included because of file (symbol)

C:\Users\Mikko\Documents\Atmel Studio\arduinoCore\libcore.a(wiring.c.o)
                              radio/scheduler.o (millis)
c:/program files (x86)/atmel/atmel toolchain/avr8 gcc/native/3.4.1061/avr8-gnu-toolchain/bin/../lib/gcc/avr/4.8.1/avr6\libgcc.a(_udivmodhi4.o)
                              os.o (__udivmodhi4)
c:/program files (x86)/atmel/atmel toolchain/avr8 gcc/native/3.4.1061/avr8-gnu-toolchain/bin/../lib/gcc/avr/4.8.1/avr6\libgcc.a(_exit.o)
                              c:/program files (x86)/atmel/atmel toolchain/avr8 gcc/native/3.4.1061/avr8-gnu-toolchain/bin/../lib/gcc/avr/4.8.1/../../../../avr/lib/avr6/crtm2560.o (exit)
c:/program files (x86)/atmel/atmel toolchain/avr8 gcc/native/3.4.1061/avr8-gnu-toolchain/bin/../lib/gcc/avr/4.8.1/avr6\libgcc.a(_copy_data.o)
                              os.o (__do_copy_data)
c:/program files (x86)/atmel/atmel toolchain/avr8 gcc/native/3.4.1061/avr8-gnu-toolchain/bin/../lib/gcc/avr/4.8.1/avr6\libgcc.a(_clear_bss.o)
                              ir/ir.o (__do_clear_bss)
c:/program files (x86)/atmel/atmel toolchain/avr8 gcc/native/3.4.1061/avr8-gnu-toolchain/bin/../lib/gcc/avr/4.8.1/../../../../avr/lib/avr6\libc.a(sprintf.o)
                              trace/trace.o (sprintf)
c:/program files (x86)/atmel/atmel toolchain/avr8 gcc/native/3.4.1061/avr8-gnu-toolchain/bin/../lib/gcc/avr/4.8.1/../../../../avr/lib/avr6\libc.a(vfprintf_std.o)
                              c:/program files (x86)/atmel/atmel toolchain/avr8 gcc/native/3.4.1061/avr8-gnu-toolchain/bin/../lib/gcc/avr/4.8.1/../../../../avr/lib/avr6\libc.a(sprintf.o) (vfprintf)
c:/program files (x86)/atmel/atmel toolchain/avr8 gcc/native/3.4.1061/avr8-gnu-toolchain/bin/../lib/gcc/avr/4.8.1/../../../../avr/lib/avr6\libc.a(strnlen_P.o)
                              c:/program files (x86)/atmel/atmel toolchain/avr8 gcc/native/3.4.1061/avr8-gnu-toolchain/bin/../lib/gcc/avr/4.8.1/../../../../avr/lib/avr6\libc.a(vfprintf_std.o) (strnlen_P)
c:/program files (x86)/atmel/atmel toolchain/avr8 gcc/native/3.4.1061/avr8-gnu-toolchain/bin/../lib/gcc/avr/4.8.1/../../../../avr/lib/avr6\libc.a(strnlen.o)
                              c:/program files (x86)/atmel/atmel toolchain/avr8 gcc/native/3.4.1061/avr8-gnu-toolchain/bin/../lib/gcc/avr/4.8.1/../../../../avr/lib/avr6\libc.a(vfprintf_std.o) (strnlen)
c:/program files (x86)/atmel/atmel toolchain/avr8 gcc/native/3.4.1061/avr8-gnu-toolchain/bin/../lib/gcc/avr/4.8.1/../../../../avr/lib/avr6\libc.a(fputc.o)
                              c:/program files (x86)/atmel/atmel toolchain/avr8 gcc/native/3.4.1061/avr8-gnu-toolchain/bin/../lib/gcc/avr/4.8.1/../../../../avr/lib/avr6\libc.a(vfprintf_std.o) (fputc)
c:/program files (x86)/atmel/atmel toolchain/avr8 gcc/native/3.4.1061/avr8-gnu-toolchain/bin/../lib/gcc/avr/4.8.1/../../../../avr/lib/avr6\libc.a(ultoa_invert.o)
                              c:/program files (x86)/atmel/atmel toolchain/avr8 gcc/native/3.4.1061/avr8-gnu-toolchain/bin/../lib/gcc/avr/4.8.1/../../../../avr/lib/avr6\libc.a(vfprintf_std.o) (__ultoa_invert)

Discarded input sections

 .data          0x00000000        0x0 c:/program files (x86)/atmel/atmel toolchain/avr8 gcc/native/3.4.1061/avr8-gnu-toolchain/bin/../lib/gcc/avr/4.8.1/../../../../avr/lib/avr6/crtm2560.o
 .bss           0x00000000        0x0 c:/program files (x86)/atmel/atmel toolchain/avr8 gcc/native/3.4.1061/avr8-gnu-toolchain/bin/../lib/gcc/avr/4.8.1/../../../../avr/lib/avr6/crtm2560.o
 .text          0x00000000        0x0 ir/ir.o
 .data          0x00000000        0x0 ir/ir.o
 .bss           0x00000000        0x0 ir/ir.o
 .text._Z16enable_interruptv
                0x00000000        0x6 ir/ir.o
 .text._Z17disable_interruptv
                0x00000000       0x14 ir/ir.o
 .text._Z4markv
                0x00000000       0x1a ir/ir.o
 .text._Z5spacev
                0x00000000       0x1a ir/ir.o
 .text._Z11IR_transmith
                0x00000000       0x48 ir/ir.o
 .text          0x00000000        0x0 os.o
 .data          0x00000000        0x0 os.o
 .bss           0x00000000        0x0 os.o
 .text.Now      0x00000000       0x34 os.o
 .text.Task_Create_RR
                0x00000000       0x34 os.o
 .text.Task_Create
                0x00000000       0x32 os.o
 .text.Task_GetArg
                0x00000000       0x18 os.o
 .text          0x00000000        0x0 project2.o
 .data          0x00000000        0x0 project2.o
 .bss           0x00000000        0x0 project2.o
 .text._Z15send_IR_Commandv
                0x00000000       0x20 project2.o
 .text          0x00000000        0x0 radio/cops_and_robbers.o
 .data          0x00000000        0x0 radio/cops_and_robbers.o
 .bss           0x00000000        0x0 radio/cops_and_robbers.o
 .data.ROOMBA_FREQUENCIES
                0x00000000        0x4 radio/cops_and_robbers.o
 .text          0x00000000        0x0 radio/radio.o
 .data          0x00000000        0x0 radio/radio.o
 .bss           0x00000000        0x0 radio/radio.o
 .text._Z18Radio_Success_Ratev
                0x00000000       0x38 radio/radio.o
 .text._Z11Radio_Flushv
                0x00000000       0x20 radio/radio.o
 .text          0x00000000        0x0 radio/scheduler.o
 .data          0x00000000        0x0 radio/scheduler.o
 .bss           0x00000000        0x0 radio/scheduler.o
 .text._Z14Scheduler_Initv
                0x00000000       0x16 radio/scheduler.o
 .text._Z19Scheduler_StartTaskiiPFvvE
                0x00000000       0x50 radio/scheduler.o
 .text._Z18Scheduler_Dispatchv
                0x00000000      0x130 radio/scheduler.o
 .bss._ZZ19Scheduler_StartTaskiiPFvvEE2id
                0x00000000        0x1 radio/scheduler.o
 .bss.last_runtime
                0x00000000        0x4 radio/scheduler.o
 .bss.tasks     0x00000000       0x58 radio/scheduler.o
 .debug_info    0x00000000      0x303 radio/scheduler.o
 .debug_abbrev  0x00000000      0x171 radio/scheduler.o
 .debug_loc     0x00000000      0x24f radio/scheduler.o
 .debug_aranges
                0x00000000       0x30 radio/scheduler.o
 .debug_ranges  0x00000000       0x20 radio/scheduler.o
 .debug_line    0x00000000      0x213 radio/scheduler.o
 .debug_str     0x00000000      0x2fa radio/scheduler.o
 .comment       0x00000000       0x31 radio/scheduler.o
 .debug_frame   0x00000000       0x9c radio/scheduler.o
 .text          0x00000000        0x0 radio/spi.o
 .data          0x00000000        0x0 radio/spi.o
 .bss           0x00000000        0x0 radio/spi.o
 .text          0x00000000        0x0 roomba/roomba.o
 .data          0x00000000        0x0 roomba/roomba.o
 .bss           0x00000000        0x0 roomba/roomba.o
 .text._Z13Roomba_Finishv
                0x00000000        0x6 roomba/roomba.o
 .text          0x00000000        0x0 trace/trace.o
 .data          0x00000000        0x0 trace/trace.o
 .bss           0x00000000        0x0 trace/trace.o
 .rodata.str1.1
                0x00000000        0xb trace/trace.o
 .text._Z11print_tracev
                0x00000000       0xa6 trace/trace.o
 .text._Z12add_to_tracej
                0x00000000       0x38 trace/trace.o
 .text._Z14set_trace_testh
                0x00000000        0x6 trace/trace.o
 .text._Z13is_trace_fullv
                0x00000000       0x18 trace/trace.o
 .text._Z11reset_tracev
                0x00000000        0xa trace/trace.o
 .bss.trace_buffer
                0x00000000       0x20 trace/trace.o
 .bss.trace_counter
                0x00000000        0x2 trace/trace.o
 .bss.trace_array
                0x00000000      0x200 trace/trace.o
 .bss.trace_printed
                0x00000000        0x1 trace/trace.o
 .bss.trace_number
                0x00000000        0x1 trace/trace.o
 .debug_info    0x00000000      0x214 trace/trace.o
 .debug_abbrev  0x00000000      0x14a trace/trace.o
 .debug_loc     0x00000000      0x189 trace/trace.o
 .debug_aranges
                0x00000000       0x40 trace/trace.o
 .debug_ranges  0x00000000       0x30 trace/trace.o
 .debug_line    0x00000000      0x16c trace/trace.o
 .debug_str     0x00000000      0x2ce trace/trace.o
 .comment       0x00000000       0x31 trace/trace.o
 .debug_frame   0x00000000       0xb8 trace/trace.o
 .text          0x00000000        0x0 uart/uart.o
 .data          0x00000000        0x0 uart/uart.o
 .bss           0x00000000        0x0 uart/uart.o
 .group         0x00000000        0x8 src/ASF/mega/boards/stk600/rcx_x/init.o
 .group         0x00000000        0x8 src/ASF/mega/boards/stk600/rcx_x/init.o
 .group         0x00000000        0x8 src/ASF/mega/boards/stk600/rcx_x/init.o
 .group         0x00000000        0x8 src/ASF/mega/boards/stk600/rcx_x/init.o
 .group         0x00000000        0x8 src/ASF/mega/boards/stk600/rcx_x/init.o
 .group         0x00000000        0x8 src/ASF/mega/boards/stk600/rcx_x/init.o
 .group         0x00000000        0x8 src/ASF/mega/boards/stk600/rcx_x/init.o
 .group         0x00000000        0x8 src/ASF/mega/boards/stk600/rcx_x/init.o
 .group         0x00000000        0x8 src/ASF/mega/boards/stk600/rcx_x/init.o
 .group         0x00000000        0x8 src/ASF/mega/boards/stk600/rcx_x/init.o
 .group         0x00000000        0x8 src/ASF/mega/boards/stk600/rcx_x/init.o
 .group         0x00000000        0x8 src/ASF/mega/boards/stk600/rcx_x/init.o
 .group         0x00000000        0x8 src/ASF/mega/boards/stk600/rcx_x/init.o
 .group         0x00000000        0x8 src/ASF/mega/boards/stk600/rcx_x/init.o
 .group         0x00000000        0x8 src/ASF/mega/boards/stk600/rcx_x/init.o
 .group         0x00000000        0x8 src/ASF/mega/boards/stk600/rcx_x/init.o
 .group         0x00000000        0x8 src/ASF/mega/boards/stk600/rcx_x/init.o
 .group         0x00000000        0x8 src/ASF/mega/boards/stk600/rcx_x/init.o
 .group         0x00000000        0x8 src/ASF/mega/boards/stk600/rcx_x/init.o
 .group         0x00000000        0x8 src/ASF/mega/boards/stk600/rcx_x/init.o
 .group         0x00000000        0x8 src/ASF/mega/boards/stk600/rcx_x/init.o
 .group         0x00000000        0x8 src/ASF/mega/boards/stk600/rcx_x/init.o
 .group         0x00000000        0x8 src/ASF/mega/boards/stk600/rcx_x/init.o
 .group         0x00000000        0x8 src/ASF/mega/boards/stk600/rcx_x/init.o
 .group         0x00000000        0x8 src/ASF/mega/boards/stk600/rcx_x/init.o
 .group         0x00000000        0x8 src/ASF/mega/boards/stk600/rcx_x/init.o
 .text          0x00000000        0x0 src/ASF/mega/boards/stk600/rcx_x/init.o
 .data          0x00000000        0x0 src/ASF/mega/boards/stk600/rcx_x/init.o
 .bss           0x00000000        0x0 src/ASF/mega/boards/stk600/rcx_x/init.o
 .text.board_init
                0x00000000        0x2 src/ASF/mega/boards/stk600/rcx_x/init.o
 .debug_info    0x00000000       0x7c src/ASF/mega/boards/stk600/rcx_x/init.o
 .debug_abbrev  0x00000000       0x47 src/ASF/mega/boards/stk600/rcx_x/init.o
 .debug_aranges
                0x00000000       0x20 src/ASF/mega/boards/stk600/rcx_x/init.o
 .debug_ranges  0x00000000       0x10 src/ASF/mega/boards/stk600/rcx_x/init.o
 .debug_macro   0x00000000      0x143 src/ASF/mega/boards/stk600/rcx_x/init.o
 .debug_macro   0x00000000      0xa5a src/ASF/mega/boards/stk600/rcx_x/init.o
 .debug_macro   0x00000000       0x10 src/ASF/mega/boards/stk600/rcx_x/init.o
 .debug_macro   0x00000000      0x1ad src/ASF/mega/boards/stk600/rcx_x/init.o
 .debug_macro   0x00000000      0x293 src/ASF/mega/boards/stk600/rcx_x/init.o
 .debug_macro   0x00000000       0x9e src/ASF/mega/boards/stk600/rcx_x/init.o
 .debug_macro   0x00000000     0x1e62 src/ASF/mega/boards/stk600/rcx_x/init.o
 .debug_macro   0x00000000       0xdc src/ASF/mega/boards/stk600/rcx_x/init.o
 .debug_macro   0x00000000      0x2ea src/ASF/mega/boards/stk600/rcx_x/init.o
 .debug_macro   0x00000000       0xd9 src/ASF/mega/boards/stk600/rcx_x/init.o
 .debug_macro   0x00000000       0x34 src/ASF/mega/boards/stk600/rcx_x/init.o
 .debug_macro   0x00000000       0x18 src/ASF/mega/boards/stk600/rcx_x/init.o
 .debug_macro   0x00000000       0x6c src/ASF/mega/boards/stk600/rcx_x/init.o
 .debug_macro   0x00000000       0x22 src/ASF/mega/boards/stk600/rcx_x/init.o
 .debug_macro   0x00000000      0x166 src/ASF/mega/boards/stk600/rcx_x/init.o
 .debug_macro   0x00000000       0x1c src/ASF/mega/boards/stk600/rcx_x/init.o
 .debug_macro   0x00000000       0x35 src/ASF/mega/boards/stk600/rcx_x/init.o
 .debug_macro   0x00000000       0x66 src/ASF/mega/boards/stk600/rcx_x/init.o
 .debug_macro   0x00000000      0x4d1 src/ASF/mega/boards/stk600/rcx_x/init.o
 .debug_macro   0x00000000       0x44 src/ASF/mega/boards/stk600/rcx_x/init.o
 .debug_macro   0x00000000       0x69 src/ASF/mega/boards/stk600/rcx_x/init.o
 .debug_macro   0x00000000       0x2c src/ASF/mega/boards/stk600/rcx_x/init.o
 .debug_macro   0x00000000       0x10 src/ASF/mega/boards/stk600/rcx_x/init.o
 .debug_macro   0x00000000      0x175 src/ASF/mega/boards/stk600/rcx_x/init.o
 .debug_macro   0x00000000       0x40 src/ASF/mega/boards/stk600/rcx_x/init.o
 .debug_macro   0x00000000      0x100 src/ASF/mega/boards/stk600/rcx_x/init.o
 .debug_macro   0x00000000      0x242 src/ASF/mega/boards/stk600/rcx_x/init.o
 .debug_line    0x00000000      0x348 src/ASF/mega/boards/stk600/rcx_x/init.o
 .debug_str     0x00000000    0x11093 src/ASF/mega/boards/stk600/rcx_x/init.o
 .comment       0x00000000       0x31 src/ASF/mega/boards/stk600/rcx_x/init.o
 .debug_frame   0x00000000       0x24 src/ASF/mega/boards/stk600/rcx_x/init.o
 .group         0x00000000        0x8 src/main.o
 .group         0x00000000        0x8 src/main.o
 .group         0x00000000        0x8 src/main.o
 .group         0x00000000        0x8 src/main.o
 .group         0x00000000        0x8 src/main.o
 .group         0x00000000        0x8 src/main.o
 .group         0x00000000        0x8 src/main.o
 .group         0x00000000        0x8 src/main.o
 .group         0x00000000        0x8 src/main.o
 .group         0x00000000        0x8 src/main.o
 .group         0x00000000        0x8 src/main.o
 .group         0x00000000        0x8 src/main.o
 .group         0x00000000        0x8 src/main.o
 .group         0x00000000        0x8 src/main.o
 .group         0x00000000        0x8 src/main.o
 .group         0x00000000        0x8 src/main.o
 .group         0x00000000        0x8 src/main.o
 .group         0x00000000        0x8 src/main.o
 .group         0x00000000        0x8 src/main.o
 .group         0x00000000        0x8 src/main.o
 .group         0x00000000        0x8 src/main.o
 .group         0x00000000        0x8 src/main.o
 .group         0x00000000        0x8 src/main.o
 .group         0x00000000        0x8 src/main.o
 .group         0x00000000        0x8 src/main.o
 .group         0x00000000        0x8 src/main.o
 .text          0x00000000        0x0 src/main.o
 .data          0x00000000        0x0 src/main.o
 .bss           0x00000000        0x0 src/main.o
 .debug_info    0x00000000       0x5a src/main.o
 .debug_abbrev  0x00000000       0x29 src/main.o
 .debug_aranges
                0x00000000       0x18 src/main.o
 .debug_macro   0x00000000      0x14d src/main.o
 .debug_macro   0x00000000      0xa5a src/main.o
 .debug_macro   0x00000000       0x10 src/main.o
 .debug_macro   0x00000000      0x1ad src/main.o
 .debug_macro   0x00000000      0x293 src/main.o
 .debug_macro   0x00000000       0x9e src/main.o
 .debug_macro   0x00000000     0x1e62 src/main.o
 .debug_macro   0x00000000       0xdc src/main.o
 .debug_macro   0x00000000      0x2ea src/main.o
 .debug_macro   0x00000000       0xd9 src/main.o
 .debug_macro   0x00000000       0x34 src/main.o
 .debug_macro   0x00000000       0x18 src/main.o
 .debug_macro   0x00000000       0x6c src/main.o
 .debug_macro   0x00000000       0x22 src/main.o
 .debug_macro   0x00000000      0x166 src/main.o
 .debug_macro   0x00000000       0x1c src/main.o
 .debug_macro   0x00000000       0x35 src/main.o
 .debug_macro   0x00000000       0x66 src/main.o
 .debug_macro   0x00000000      0x4d1 src/main.o
 .debug_macro   0x00000000       0x44 src/main.o
 .debug_macro   0x00000000       0x69 src/main.o
 .debug_macro   0x00000000       0x2c src/main.o
 .debug_macro   0x00000000       0x10 src/main.o
 .debug_macro   0x00000000      0x175 src/main.o
 .debug_macro   0x00000000       0x40 src/main.o
 .debug_macro   0x00000000      0x100 src/main.o
 .debug_macro   0x00000000      0x242 src/main.o
 .debug_line    0x00000000      0x318 src/main.o
 .debug_str     0x00000000    0x1107d src/main.o
 .comment       0x00000000       0x31 src/main.o
 .text          0x00000000        0x0 C:\Users\Mikko\Documents\Atmel Studio\arduinoCore\libcore.a(wiring.c.o)
 .data          0x00000000        0x0 C:\Users\Mikko\Documents\Atmel Studio\arduinoCore\libcore.a(wiring.c.o)
 .bss           0x00000000        0x0 C:\Users\Mikko\Documents\Atmel Studio\arduinoCore\libcore.a(wiring.c.o)
 .text.millis   0x00000000       0x1c C:\Users\Mikko\Documents\Atmel Studio\arduinoCore\libcore.a(wiring.c.o)
 .text.micros   0x00000000       0x4c C:\Users\Mikko\Documents\Atmel Studio\arduinoCore\libcore.a(wiring.c.o)
 .text.delay    0x00000000       0xb2 C:\Users\Mikko\Documents\Atmel Studio\arduinoCore\libcore.a(wiring.c.o)
 .text.delayMicroseconds
                0x00000000       0x14 C:\Users\Mikko\Documents\Atmel Studio\arduinoCore\libcore.a(wiring.c.o)
 .text.init     0x00000000       0xc4 C:\Users\Mikko\Documents\Atmel Studio\arduinoCore\libcore.a(wiring.c.o)
 .text          0x00000000        0x0 c:/program files (x86)/atmel/atmel toolchain/avr8 gcc/native/3.4.1061/avr8-gnu-toolchain/bin/../lib/gcc/avr/4.8.1/avr6\libgcc.a(_udivmodhi4.o)
 .data          0x00000000        0x0 c:/program files (x86)/atmel/atmel toolchain/avr8 gcc/native/3.4.1061/avr8-gnu-toolchain/bin/../lib/gcc/avr/4.8.1/avr6\libgcc.a(_udivmodhi4.o)
 .bss           0x00000000        0x0 c:/program files (x86)/atmel/atmel toolchain/avr8 gcc/native/3.4.1061/avr8-gnu-toolchain/bin/../lib/gcc/avr/4.8.1/avr6\libgcc.a(_udivmodhi4.o)
 .text.libgcc.mul
                0x00000000        0x0 c:/program files (x86)/atmel/atmel toolchain/avr8 gcc/native/3.4.1061/avr8-gnu-toolchain/bin/../lib/gcc/avr/4.8.1/avr6\libgcc.a(_udivmodhi4.o)
 .text.libgcc.div
                0x00000000       0x28 c:/program files (x86)/atmel/atmel toolchain/avr8 gcc/native/3.4.1061/avr8-gnu-toolchain/bin/../lib/gcc/avr/4.8.1/avr6\libgcc.a(_udivmodhi4.o)
 .text.libgcc   0x00000000        0x0 c:/program files (x86)/atmel/atmel toolchain/avr8 gcc/native/3.4.1061/avr8-gnu-toolchain/bin/../lib/gcc/avr/4.8.1/avr6\libgcc.a(_udivmodhi4.o)
 .text.libgcc.prologue
                0x00000000        0x0 c:/program files (x86)/atmel/atmel toolchain/avr8 gcc/native/3.4.1061/avr8-gnu-toolchain/bin/../lib/gcc/avr/4.8.1/avr6\libgcc.a(_udivmodhi4.o)
 .text.libgcc.builtins
                0x00000000        0x0 c:/program files (x86)/atmel/atmel toolchain/avr8 gcc/native/3.4.1061/avr8-gnu-toolchain/bin/../lib/gcc/avr/4.8.1/avr6\libgcc.a(_udivmodhi4.o)
 .text.libgcc.fmul
                0x00000000        0x0 c:/program files (x86)/atmel/atmel toolchain/avr8 gcc/native/3.4.1061/avr8-gnu-toolchain/bin/../lib/gcc/avr/4.8.1/avr6\libgcc.a(_udivmodhi4.o)
 .text.libgcc.fixed
                0x00000000        0x0 c:/program files (x86)/atmel/atmel toolchain/avr8 gcc/native/3.4.1061/avr8-gnu-toolchain/bin/../lib/gcc/avr/4.8.1/avr6\libgcc.a(_udivmodhi4.o)
 .text          0x00000000        0x0 c:/program files (x86)/atmel/atmel toolchain/avr8 gcc/native/3.4.1061/avr8-gnu-toolchain/bin/../lib/gcc/avr/4.8.1/avr6\libgcc.a(_exit.o)
 .data          0x00000000        0x0 c:/program files (x86)/atmel/atmel toolchain/avr8 gcc/native/3.4.1061/avr8-gnu-toolchain/bin/../lib/gcc/avr/4.8.1/avr6\libgcc.a(_exit.o)
 .bss           0x00000000        0x0 c:/program files (x86)/atmel/atmel toolchain/avr8 gcc/native/3.4.1061/avr8-gnu-toolchain/bin/../lib/gcc/avr/4.8.1/avr6\libgcc.a(_exit.o)
 .text.libgcc.mul
                0x00000000        0x0 c:/program files (x86)/atmel/atmel toolchain/avr8 gcc/native/3.4.1061/avr8-gnu-toolchain/bin/../lib/gcc/avr/4.8.1/avr6\libgcc.a(_exit.o)
 .text.libgcc.div
                0x00000000        0x0 c:/program files (x86)/atmel/atmel toolchain/avr8 gcc/native/3.4.1061/avr8-gnu-toolchain/bin/../lib/gcc/avr/4.8.1/avr6\libgcc.a(_exit.o)
 .text.libgcc   0x00000000        0x0 c:/program files (x86)/atmel/atmel toolchain/avr8 gcc/native/3.4.1061/avr8-gnu-toolchain/bin/../lib/gcc/avr/4.8.1/avr6\libgcc.a(_exit.o)
 .text.libgcc.prologue
                0x00000000        0x0 c:/program files (x86)/atmel/atmel toolchain/avr8 gcc/native/3.4.1061/avr8-gnu-toolchain/bin/../lib/gcc/avr/4.8.1/avr6\libgcc.a(_exit.o)
 .text.libgcc.builtins
                0x00000000        0x0 c:/program files (x86)/atmel/atmel toolchain/avr8 gcc/native/3.4.1061/avr8-gnu-toolchain/bin/../lib/gcc/avr/4.8.1/avr6\libgcc.a(_exit.o)
 .text.libgcc.fmul
                0x00000000        0x0 c:/program files (x86)/atmel/atmel toolchain/avr8 gcc/native/3.4.1061/avr8-gnu-toolchain/bin/../lib/gcc/avr/4.8.1/avr6\libgcc.a(_exit.o)
 .text.libgcc.fixed
                0x00000000        0x0 c:/program files (x86)/atmel/atmel toolchain/avr8 gcc/native/3.4.1061/avr8-gnu-toolchain/bin/../lib/gcc/avr/4.8.1/avr6\libgcc.a(_exit.o)
 .text          0x00000000        0x0 c:/program files (x86)/atmel/atmel toolchain/avr8 gcc/native/3.4.1061/avr8-gnu-toolchain/bin/../lib/gcc/avr/4.8.1/avr6\libgcc.a(_copy_data.o)
 .data          0x00000000        0x0 c:/program files (x86)/atmel/atmel toolchain/avr8 gcc/native/3.4.1061/avr8-gnu-toolchain/bin/../lib/gcc/avr/4.8.1/avr6\libgcc.a(_copy_data.o)
 .bss           0x00000000        0x0 c:/program files (x86)/atmel/atmel toolchain/avr8 gcc/native/3.4.1061/avr8-gnu-toolchain/bin/../lib/gcc/avr/4.8.1/avr6\libgcc.a(_copy_data.o)
 .text.libgcc.mul
                0x00000000        0x0 c:/program files (x86)/atmel/atmel toolchain/avr8 gcc/native/3.4.1061/avr8-gnu-toolchain/bin/../lib/gcc/avr/4.8.1/avr6\libgcc.a(_copy_data.o)
 .text.libgcc.div
                0x00000000        0x0 c:/program files (x86)/atmel/atmel toolchain/avr8 gcc/native/3.4.1061/avr8-gnu-toolchain/bin/../lib/gcc/avr/4.8.1/avr6\libgcc.a(_copy_data.o)
 .text.libgcc   0x00000000        0x0 c:/program files (x86)/atmel/atmel toolchain/avr8 gcc/native/3.4.1061/avr8-gnu-toolchain/bin/../lib/gcc/avr/4.8.1/avr6\libgcc.a(_copy_data.o)
 .text.libgcc.prologue
                0x00000000        0x0 c:/program files (x86)/atmel/atmel toolchain/avr8 gcc/native/3.4.1061/avr8-gnu-toolchain/bin/../lib/gcc/avr/4.8.1/avr6\libgcc.a(_copy_data.o)
 .text.libgcc.builtins
                0x00000000        0x0 c:/program files (x86)/atmel/atmel toolchain/avr8 gcc/native/3.4.1061/avr8-gnu-toolchain/bin/../lib/gcc/avr/4.8.1/avr6\libgcc.a(_copy_data.o)
 .text.libgcc.fmul
                0x00000000        0x0 c:/program files (x86)/atmel/atmel toolchain/avr8 gcc/native/3.4.1061/avr8-gnu-toolchain/bin/../lib/gcc/avr/4.8.1/avr6\libgcc.a(_copy_data.o)
 .text.libgcc.fixed
                0x00000000        0x0 c:/program files (x86)/atmel/atmel toolchain/avr8 gcc/native/3.4.1061/avr8-gnu-toolchain/bin/../lib/gcc/avr/4.8.1/avr6\libgcc.a(_copy_data.o)
 .text          0x00000000        0x0 c:/program files (x86)/atmel/atmel toolchain/avr8 gcc/native/3.4.1061/avr8-gnu-toolchain/bin/../lib/gcc/avr/4.8.1/avr6\libgcc.a(_clear_bss.o)
 .data          0x00000000        0x0 c:/program files (x86)/atmel/atmel toolchain/avr8 gcc/native/3.4.1061/avr8-gnu-toolchain/bin/../lib/gcc/avr/4.8.1/avr6\libgcc.a(_clear_bss.o)
 .bss           0x00000000        0x0 c:/program files (x86)/atmel/atmel toolchain/avr8 gcc/native/3.4.1061/avr8-gnu-toolchain/bin/../lib/gcc/avr/4.8.1/avr6\libgcc.a(_clear_bss.o)
 .text.libgcc.mul
                0x00000000        0x0 c:/program files (x86)/atmel/atmel toolchain/avr8 gcc/native/3.4.1061/avr8-gnu-toolchain/bin/../lib/gcc/avr/4.8.1/avr6\libgcc.a(_clear_bss.o)
 .text.libgcc.div
                0x00000000        0x0 c:/program files (x86)/atmel/atmel toolchain/avr8 gcc/native/3.4.1061/avr8-gnu-toolchain/bin/../lib/gcc/avr/4.8.1/avr6\libgcc.a(_clear_bss.o)
 .text.libgcc   0x00000000        0x0 c:/program files (x86)/atmel/atmel toolchain/avr8 gcc/native/3.4.1061/avr8-gnu-toolchain/bin/../lib/gcc/avr/4.8.1/avr6\libgcc.a(_clear_bss.o)
 .text.libgcc.prologue
                0x00000000        0x0 c:/program files (x86)/atmel/atmel toolchain/avr8 gcc/native/3.4.1061/avr8-gnu-toolchain/bin/../lib/gcc/avr/4.8.1/avr6\libgcc.a(_clear_bss.o)
 .text.libgcc.builtins
                0x00000000        0x0 c:/program files (x86)/atmel/atmel toolchain/avr8 gcc/native/3.4.1061/avr8-gnu-toolchain/bin/../lib/gcc/avr/4.8.1/avr6\libgcc.a(_clear_bss.o)
 .text.libgcc.fmul
                0x00000000        0x0 c:/program files (x86)/atmel/atmel toolchain/avr8 gcc/native/3.4.1061/avr8-gnu-toolchain/bin/../lib/gcc/avr/4.8.1/avr6\libgcc.a(_clear_bss.o)
 .text.libgcc.fixed
                0x00000000        0x0 c:/program files (x86)/atmel/atmel toolchain/avr8 gcc/native/3.4.1061/avr8-gnu-toolchain/bin/../lib/gcc/avr/4.8.1/avr6\libgcc.a(_clear_bss.o)
 .text          0x00000000        0x0 c:/program files (x86)/atmel/atmel toolchain/avr8 gcc/native/3.4.1061/avr8-gnu-toolchain/bin/../lib/gcc/avr/4.8.1/../../../../avr/lib/avr6\libc.a(sprintf.o)
 .data          0x00000000        0x0 c:/program files (x86)/atmel/atmel toolchain/avr8 gcc/native/3.4.1061/avr8-gnu-toolchain/bin/../lib/gcc/avr/4.8.1/../../../../avr/lib/avr6\libc.a(sprintf.o)
 .bss           0x00000000        0x0 c:/program files (x86)/atmel/atmel toolchain/avr8 gcc/native/3.4.1061/avr8-gnu-toolchain/bin/../lib/gcc/avr/4.8.1/../../../../avr/lib/avr6\libc.a(sprintf.o)
 .text.avr-libc
                0x00000000       0x5e c:/program files (x86)/atmel/atmel toolchain/avr8 gcc/native/3.4.1061/avr8-gnu-toolchain/bin/../lib/gcc/avr/4.8.1/../../../../avr/lib/avr6\libc.a(sprintf.o)
 .comment       0x00000000       0x31 c:/program files (x86)/atmel/atmel toolchain/avr8 gcc/native/3.4.1061/avr8-gnu-toolchain/bin/../lib/gcc/avr/4.8.1/../../../../avr/lib/avr6\libc.a(sprintf.o)
 .text          0x00000000        0x0 c:/program files (x86)/atmel/atmel toolchain/avr8 gcc/native/3.4.1061/avr8-gnu-toolchain/bin/../lib/gcc/avr/4.8.1/../../../../avr/lib/avr6\libc.a(vfprintf_std.o)
 .data          0x00000000        0x0 c:/program files (x86)/atmel/atmel toolchain/avr8 gcc/native/3.4.1061/avr8-gnu-toolchain/bin/../lib/gcc/avr/4.8.1/../../../../avr/lib/avr6\libc.a(vfprintf_std.o)
 .bss           0x00000000        0x0 c:/program files (x86)/atmel/atmel toolchain/avr8 gcc/native/3.4.1061/avr8-gnu-toolchain/bin/../lib/gcc/avr/4.8.1/../../../../avr/lib/avr6\libc.a(vfprintf_std.o)
 .text.avr-libc
                0x00000000      0x3f6 c:/program files (x86)/atmel/atmel toolchain/avr8 gcc/native/3.4.1061/avr8-gnu-toolchain/bin/../lib/gcc/avr/4.8.1/../../../../avr/lib/avr6\libc.a(vfprintf_std.o)
 .comment       0x00000000       0x2d c:/program files (x86)/atmel/atmel toolchain/avr8 gcc/native/3.4.1061/avr8-gnu-toolchain/bin/../lib/gcc/avr/4.8.1/../../../../avr/lib/avr6\libc.a(vfprintf_std.o)
 .text          0x00000000        0x0 c:/program files (x86)/atmel/atmel toolchain/avr8 gcc/native/3.4.1061/avr8-gnu-toolchain/bin/../lib/gcc/avr/4.8.1/../../../../avr/lib/avr6\libc.a(strnlen_P.o)
 .data          0x00000000        0x0 c:/program files (x86)/atmel/atmel toolchain/avr8 gcc/native/3.4.1061/avr8-gnu-toolchain/bin/../lib/gcc/avr/4.8.1/../../../../avr/lib/avr6\libc.a(strnlen_P.o)
 .bss           0x00000000        0x0 c:/program files (x86)/atmel/atmel toolchain/avr8 gcc/native/3.4.1061/avr8-gnu-toolchain/bin/../lib/gcc/avr/4.8.1/../../../../avr/lib/avr6\libc.a(strnlen_P.o)
 .text.avr-libc
                0x00000000       0x16 c:/program files (x86)/atmel/atmel toolchain/avr8 gcc/native/3.4.1061/avr8-gnu-toolchain/bin/../lib/gcc/avr/4.8.1/../../../../avr/lib/avr6\libc.a(strnlen_P.o)
 .text          0x00000000        0x0 c:/program files (x86)/atmel/atmel toolchain/avr8 gcc/native/3.4.1061/avr8-gnu-toolchain/bin/../lib/gcc/avr/4.8.1/../../../../avr/lib/avr6\libc.a(strnlen.o)
 .data          0x00000000        0x0 c:/program files (x86)/atmel/atmel toolchain/avr8 gcc/native/3.4.1061/avr8-gnu-toolchain/bin/../lib/gcc/avr/4.8.1/../../../../avr/lib/avr6\libc.a(strnlen.o)
 .bss           0x00000000        0x0 c:/program files (x86)/atmel/atmel toolchain/avr8 gcc/native/3.4.1061/avr8-gnu-toolchain/bin/../lib/gcc/avr/4.8.1/../../../../avr/lib/avr6\libc.a(strnlen.o)
 .text.avr-libc
                0x00000000       0x16 c:/program files (x86)/atmel/atmel toolchain/avr8 gcc/native/3.4.1061/avr8-gnu-toolchain/bin/../lib/gcc/avr/4.8.1/../../../../avr/lib/avr6\libc.a(strnlen.o)
 .text          0x00000000        0x0 c:/program files (x86)/atmel/atmel toolchain/avr8 gcc/native/3.4.1061/avr8-gnu-toolchain/bin/../lib/gcc/avr/4.8.1/../../../../avr/lib/avr6\libc.a(fputc.o)
 .data          0x00000000        0x0 c:/program files (x86)/atmel/atmel toolchain/avr8 gcc/native/3.4.1061/avr8-gnu-toolchain/bin/../lib/gcc/avr/4.8.1/../../../../avr/lib/avr6\libc.a(fputc.o)
 .bss           0x00000000        0x0 c:/program files (x86)/atmel/atmel toolchain/avr8 gcc/native/3.4.1061/avr8-gnu-toolchain/bin/../lib/gcc/avr/4.8.1/../../../../avr/lib/avr6\libc.a(fputc.o)
 .text.avr-libc
                0x00000000       0x64 c:/program files (x86)/atmel/atmel toolchain/avr8 gcc/native/3.4.1061/avr8-gnu-toolchain/bin/../lib/gcc/avr/4.8.1/../../../../avr/lib/avr6\libc.a(fputc.o)
 .comment       0x00000000       0x31 c:/program files (x86)/atmel/atmel toolchain/avr8 gcc/native/3.4.1061/avr8-gnu-toolchain/bin/../lib/gcc/avr/4.8.1/../../../../avr/lib/avr6\libc.a(fputc.o)
 .text          0x00000000        0x0 c:/program files (x86)/atmel/atmel toolchain/avr8 gcc/native/3.4.1061/avr8-gnu-toolchain/bin/../lib/gcc/avr/4.8.1/../../../../avr/lib/avr6\libc.a(ultoa_invert.o)
 .data          0x00000000        0x0 c:/program files (x86)/atmel/atmel toolchain/avr8 gcc/native/3.4.1061/avr8-gnu-toolchain/bin/../lib/gcc/avr/4.8.1/../../../../avr/lib/avr6\libc.a(ultoa_invert.o)
 .bss           0x00000000        0x0 c:/program files (x86)/atmel/atmel toolchain/avr8 gcc/native/3.4.1061/avr8-gnu-toolchain/bin/../lib/gcc/avr/4.8.1/../../../../avr/lib/avr6\libc.a(ultoa_invert.o)
 .text.avr-libc
                0x00000000       0xbc c:/program files (x86)/atmel/atmel toolchain/avr8 gcc/native/3.4.1061/avr8-gnu-toolchain/bin/../lib/gcc/avr/4.8.1/../../../../avr/lib/avr6\libc.a(ultoa_invert.o)

Memory Configuration

Name             Origin             Length             Attributes
text             0x00000000         0x00100000         xr
data             0x00800200         0x0000fe00         rw !x
eeprom           0x00810000         0x00010000         rw !x
fuse             0x00820000         0x00000400         rw !x
lock             0x00830000         0x00000400         rw !x
signature        0x00840000         0x00000400         rw !x
user_signatures  0x00850000         0x00000400         rw !x
*default*        0x00000000         0xffffffff

Linker script and memory map

Address of section .data set to 0x800200
LOAD c:/program files (x86)/atmel/atmel toolchain/avr8 gcc/native/3.4.1061/avr8-gnu-toolchain/bin/../lib/gcc/avr/4.8.1/../../../../avr/lib/avr6/crtm2560.o
LOAD ir/ir.o
LOAD os.o
LOAD project2.o
LOAD radio/cops_and_robbers.o
LOAD radio/radio.o
LOAD radio/scheduler.o
LOAD radio/spi.o
LOAD roomba/roomba.o
LOAD trace/trace.o
LOAD uart/uart.o
LOAD src/ASF/mega/boards/stk600/rcx_x/init.o
LOAD src/main.o
START GROUP
LOAD c:/program files (x86)/atmel/atmel toolchain/avr8 gcc/native/3.4.1061/avr8-gnu-toolchain/bin/../lib/gcc/avr/4.8.1/../../../../avr/lib/avr6\libm.a
LOAD C:\Users\Mikko\Documents\Atmel Studio\arduinoCore\libcore.a
END GROUP
LOAD c:/program files (x86)/atmel/atmel toolchain/avr8 gcc/native/3.4.1061/avr8-gnu-toolchain/bin/../lib/gcc/avr/4.8.1/avr6\libgcc.a
LOAD c:/program files (x86)/atmel/atmel toolchain/avr8 gcc/native/3.4.1061/avr8-gnu-toolchain/bin/../lib/gcc/avr/4.8.1/../../../../avr/lib/avr6\libm.a
START GROUP
LOAD c:/program files (x86)/atmel/atmel toolchain/avr8 gcc/native/3.4.1061/avr8-gnu-toolchain/bin/../lib/gcc/avr/4.8.1/avr6\libgcc.a
LOAD c:/program files (x86)/atmel/atmel toolchain/avr8 gcc/native/3.4.1061/avr8-gnu-toolchain/bin/../lib/gcc/avr/4.8.1/../../../../avr/lib/avr6\libm.a
LOAD c:/program files (x86)/atmel/atmel toolchain/avr8 gcc/native/3.4.1061/avr8-gnu-toolchain/bin/../lib/gcc/avr/4.8.1/../../../../avr/lib/avr6\libc.a
END GROUP

.hash
 *(.hash)

.dynsym
 *(.dynsym)

.dynstr
 *(.dynstr)

.gnu.version
 *(.gnu.version)

.gnu.version_d
 *(.gnu.version_d)

.gnu.version_r
 *(.gnu.version_r)

.rel.init
 *(.rel.init)

.rela.init
 *(.rela.init)

.rel.text
 *(.rel.text)
 *(.rel.text.*)
 *(.rel.gnu.linkonce.t*)

.rela.text
 *(.rela.text)
 *(.rela.text.*)
 *(.rela.gnu.linkonce.t*)

.rel.fini
 *(.rel.fini)

.rela.fini
 *(.rela.fini)

.rel.rodata
 *(.rel.rodata)
 *(.rel.rodata.*)
 *(.rel.gnu.linkonce.r*)

.rela.rodata
 *(.rela.rodata)
 *(.rela.rodata.*)
 *(.rela.gnu.linkonce.r*)

.rel.data
 *(.rel.data)
 *(.rel.data.*)
 *(.rel.gnu.linkonce.d*)

.rela.data
 *(.rela.data)
 *(.rela.data.*)
 *(.rela.gnu.linkonce.d*)

.rel.ctors
 *(.rel.ctors)

.rela.ctors
 *(.rela.ctors)

.rel.dtors
 *(.rel.dtors)

.rela.dtors
 *(.rela.dtors)

.rel.got
 *(.rel.got)

.rela.got
 *(.rela.got)

.rel.bss
 *(.rel.bss)

.rela.bss
 *(.rela.bss)

.rel.plt
 *(.rel.plt)

.rela.plt
 *(.rela.plt)

.text           0x00000000     0x1918
 *(.vectors)
 .vectors       0x00000000       0xe4 c:/program files (x86)/atmel/atmel toolchain/avr8 gcc/native/3.4.1061/avr8-gnu-toolchain/bin/../lib/gcc/avr/4.8.1/../../../../avr/lib/avr6/crtm2560.o
                0x00000000                __vector_default
                0x00000000                __vectors
 *(.vectors)
 *(.progmem.gcc*)
                0x000000e4                . = ALIGN (0x2)
                0x000000e4                __trampolines_start = .
 *(.trampolines)
 .trampolines   0x000000e4        0x0 linker stubs
 *(.trampolines*)
                0x000000e4                __trampolines_end = .
 *(.progmem*)
                0x000000e4                . = ALIGN (0x2)
 *(.jumptables)
 *(.jumptables*)
 *(.lowtext)
 *(.lowtext*)
                0x000000e4                __ctors_start = .
 *(.ctors)
                0x000000e4                __ctors_end = .
                0x000000e4                __dtors_start = .
 *(.dtors)
                0x000000e4                __dtors_end = .
 SORT(*)(.ctors)
 SORT(*)(.dtors)
 *(.init0)
 .init0         0x000000e4        0x0 c:/program files (x86)/atmel/atmel toolchain/avr8 gcc/native/3.4.1061/avr8-gnu-toolchain/bin/../lib/gcc/avr/4.8.1/../../../../avr/lib/avr6/crtm2560.o
                0x000000e4                __init
 *(.init0)
 *(.init1)
 *(.init1)
 *(.init2)
 .init2         0x000000e4       0x10 c:/program files (x86)/atmel/atmel toolchain/avr8 gcc/native/3.4.1061/avr8-gnu-toolchain/bin/../lib/gcc/avr/4.8.1/../../../../avr/lib/avr6/crtm2560.o
 *(.init2)
 *(.init3)
 *(.init3)
 *(.init4)
 .init4         0x000000f4       0x1a c:/program files (x86)/atmel/atmel toolchain/avr8 gcc/native/3.4.1061/avr8-gnu-toolchain/bin/../lib/gcc/avr/4.8.1/avr6\libgcc.a(_copy_data.o)
                0x000000f4                __do_copy_data
 .init4         0x0000010e       0x10 c:/program files (x86)/atmel/atmel toolchain/avr8 gcc/native/3.4.1061/avr8-gnu-toolchain/bin/../lib/gcc/avr/4.8.1/avr6\libgcc.a(_clear_bss.o)
                0x0000010e                __do_clear_bss
 *(.init4)
 *(.init5)
 *(.init5)
 *(.init6)
 *(.init6)
 *(.init7)
 *(.init7)
 *(.init8)
 *(.init8)
 *(.init9)
 .init9         0x0000011e        0x6 c:/program files (x86)/atmel/atmel toolchain/avr8 gcc/native/3.4.1061/avr8-gnu-toolchain/bin/../lib/gcc/avr/4.8.1/../../../../avr/lib/avr6/crtm2560.o
 *(.init9)
 *(.text)
 .text          0x00000124        0x2 c:/program files (x86)/atmel/atmel toolchain/avr8 gcc/native/3.4.1061/avr8-gnu-toolchain/bin/../lib/gcc/avr/4.8.1/../../../../avr/lib/avr6/crtm2560.o
                0x00000124                __vector_38
                0x00000124                __vector_22
                0x00000124                __vector_28
                0x00000124                __vector_1
                0x00000124                __vector_34
                0x00000124                __vector_24
                0x00000124                __vector_12
                0x00000124                __vector_55
                0x00000124                __vector_46
                0x00000124                __bad_interrupt
                0x00000124                __vector_31
                0x00000124                __vector_35
                0x00000124                __vector_39
                0x00000124                __vector_3
                0x00000124                __vector_30
                0x00000124                __vector_45
                0x00000124                __vector_25
                0x00000124                __vector_11
                0x00000124                __vector_54
                0x00000124                __vector_13
                0x00000124                __vector_19
                0x00000124                __vector_56
                0x00000124                __vector_7
                0x00000124                __vector_49
                0x00000124                __vector_41
                0x00000124                __vector_43
                0x00000124                __vector_27
                0x00000124                __vector_33
                0x00000124                __vector_47
                0x00000124                __vector_52
                0x00000124                __vector_37
                0x00000124                __vector_4
                0x00000124                __vector_44
                0x00000124                __vector_51
                0x00000124                __vector_9
                0x00000124                __vector_2
                0x00000124                __vector_21
                0x00000124                __vector_15
                0x00000124                __vector_29
                0x00000124                __vector_40
                0x00000124                __vector_8
                0x00000124                __vector_26
                0x00000124                __vector_48
                0x00000124                __vector_14
                0x00000124                __vector_53
                0x00000124                __vector_10
                0x00000124                __vector_50
                0x00000124                __vector_16
                0x00000124                __vector_18
                0x00000124                __vector_20
                0x00000124                __vector_42
                0x00000126                . = ALIGN (0x2)
 *(.text.*)
 .text._Z7IR_initv
                0x00000126       0x72 ir/ir.o
                0x00000126                _Z7IR_initv
 .text.__vector_6
                0x00000198       0x52 ir/ir.o
                0x00000198                __vector_6
 .text.__vector_32
                0x000001ea       0xbc ir/ir.o
                0x000001ea                __vector_32
 .text._Z10IR_getLastv
                0x000002a6        0x6 ir/ir.o
                0x000002a6                _Z10IR_getLastv
 .text._ZL4idlev
                0x000002ac        0x2 os.o
 .text._ZL11exit_kernelv
                0x000002ae       0xb2 os.o
 .text._ZL12enter_kernelv
                0x00000360       0xb2 os.o
 .text._ZL7enqueueP7queue_tP9td_struct
                0x00000412       0x2c os.o
 .text.Task_Terminate
                0x0000043e       0x14 os.o
                0x0000043e                Task_Terminate
 .text._ZL7dequeueP7queue_t.isra.1
                0x00000452       0x20 os.o
 .text.__vector_17
                0x00000472       0xd6 os.o
                0x00000472                __vector_17
 .text.OS_Abort
                0x00000548       0xb6 os.o
                0x00000548                OS_Abort
 .text._ZL18kernel_create_taskv
                0x000005fe      0x18c os.o
 .text._Z7OS_Initv
                0x0000078a      0x3a0 os.o
                0x0000078a                _Z7OS_Initv
 .text.Service_Init
                0x00000b2a       0x3e os.o
                0x00000b2a                Service_Init
 .text.Service_Subscribe
                0x00000b68       0x62 os.o
                0x00000b68                Service_Subscribe
 .text.Service_Publish
                0x00000bca       0xc2 os.o
                0x00000bca                Service_Publish
 .text.Task_Create_System
                0x00000c8c       0x32 os.o
                0x00000c8c                Task_Create_System
 .text.Task_Create_Periodic
                0x00000cbe       0x60 os.o
                0x00000cbe                Task_Create_Periodic
 .text.Task_Next
                0x00000d1e       0x24 os.o
                0x00000d1e                Task_Next
 .text.startup.main
                0x00000d42        0x2 os.o
                0x00000d42                main
 .text._Z18send_recieve_radiov
                0x00000d44       0x82 project2.o
                0x00000d44                _Z18send_recieve_radiov
 .text._Z18Send_Drive_Commandv
                0x00000dc6       0x9c project2.o
                0x00000dc6                _Z18Send_Drive_Commandv
 .text._Z12ir_rxhandlerv
                0x00000e62       0x66 project2.o
                0x00000e62                _Z12ir_rxhandlerv
 .text._Z15radio_rxhandlerh
                0x00000ec8       0x46 project2.o
                0x00000ec8                _Z15radio_rxhandlerh
 .text.setup    0x00000f0e       0x98 project2.o
                0x00000f0e                setup
 .text._Z6r_mainv
                0x00000fa6       0x30 project2.o
                0x00000fa6                _Z6r_mainv
 .text._ZL10get_statusv
                0x00000fd6       0x1e radio/radio.o
 .text._ZL12set_registerhPhh
                0x00000ff4       0x54 radio/radio.o
 .text._ZL16send_instructionhPhS_h
                0x00001048       0x5a radio/radio.o
 .text._ZL19reset_pipe0_addressv
                0x000010a2       0x14 radio/radio.o
 .text._ZL12get_registerhPhh.constprop.1
                0x000010b6       0x58 radio/radio.o
 .text._ZL11set_rx_modev
                0x0000110e       0x4a radio/radio.o
 .text._Z10Radio_Inith
                0x00001158       0xe8 radio/radio.o
                0x00001158                _Z10Radio_Inith
 .text._Z18Radio_Configure_Rx11_radio_pipePh3_ed
                0x00001240       0xe8 radio/radio.o
                0x00001240                _Z18Radio_Configure_Rx11_radio_pipePh3_ed
 .text._Z17Radio_Set_Tx_AddrPh
                0x00001328       0x28 radio/radio.o
                0x00001328                _Z17Radio_Set_Tx_AddrPh
 .text._Z15Radio_Configure9_radio_dr15_radio_tx_power
                0x00001350       0x4c radio/radio.o
                0x00001350                _Z15Radio_Configure9_radio_dr15_radio_tx_power
 .text._Z14Radio_TransmitP3_rp14_radio_tx_wait
                0x0000139c       0x9e radio/radio.o
                0x0000139c                _Z14Radio_TransmitP3_rp14_radio_tx_wait
 .text._Z13Radio_ReceiveP3_rp
                0x0000143a       0x64 radio/radio.o
                0x0000143a                _Z13Radio_ReceiveP3_rp
 .text.__vector_5
                0x0000149e       0xfc radio/radio.o
                0x0000149e                __vector_5
 .text._Z8SPI_Initv
                0x0000159a       0x1a radio/spi.o
                0x0000159a                _Z8SPI_Initv
 .text._Z19SPI_ReadWrite_BlockPhS_h
                0x000015b4       0x22 radio/spi.o
                0x000015b4                _Z19SPI_ReadWrite_BlockPhS_h
 .text._Z15SPI_Write_BlockPhh
                0x000015d6       0x1a radio/spi.o
                0x000015d6                _Z15SPI_Write_BlockPhh
 .text._Z14SPI_Write_Byteh
                0x000015f0        0xc radio/spi.o
                0x000015f0                _Z14SPI_Write_Byteh
 .text._Z11Roomba_Initv
                0x000015fc       0x6a roomba/roomba.o
                0x000015fc                _Z11Roomba_Initv
 .text._Z25Roomba_UpdateSensorPacket4_rsgP20roomba_sensor_data_t
                0x00001666      0x110 roomba/roomba.o
                0x00001666                _Z25Roomba_UpdateSensorPacket4_rsgP20roomba_sensor_data_t
 .text._Z12Roomba_Driveii
                0x00001776       0x3a roomba/roomba.o
                0x00001776                _Z12Roomba_Driveii
 .text._Z16Roomba_Send_Byteh
                0x000017b0        0xe uart/uart.o
                0x000017b0                _Z16Roomba_Send_Byteh
 .text._Z16Roomba_UART_Init9_uart_bps
                0x000017be       0x5a uart/uart.o
                0x000017be                _Z16Roomba_UART_Init9_uart_bps
 .text._Z19uart_bytes_receivedv
                0x00001818        0x6 uart/uart.o
                0x00001818                _Z19uart_bytes_receivedv
 .text._Z18uart_reset_receivev
                0x0000181e        0x6 uart/uart.o
                0x0000181e                _Z18uart_reset_receivev
 .text.__vector_36
                0x00001824       0x4c uart/uart.o
                0x00001824                __vector_36
 .text._Z13uart_get_bytei
                0x00001870       0x14 uart/uart.o
                0x00001870                _Z13uart_get_bytei
 .text.__vector_23
                0x00001884       0x90 C:\Users\Mikko\Documents\Atmel Studio\arduinoCore\libcore.a(wiring.c.o)
                0x00001884                __vector_23
                0x00001914                . = ALIGN (0x2)
 *(.fini9)
 .fini9         0x00001914        0x0 c:/program files (x86)/atmel/atmel toolchain/avr8 gcc/native/3.4.1061/avr8-gnu-toolchain/bin/../lib/gcc/avr/4.8.1/avr6\libgcc.a(_exit.o)
                0x00001914                _exit
                0x00001914                exit
 *(.fini9)
 *(.fini8)
 *(.fini8)
 *(.fini7)
 *(.fini7)
 *(.fini6)
 *(.fini6)
 *(.fini5)
 *(.fini5)
 *(.fini4)
 *(.fini4)
 *(.fini3)
 *(.fini3)
 *(.fini2)
 *(.fini2)
 *(.fini1)
 *(.fini1)
 *(.fini0)
 .fini0         0x00001914        0x4 c:/program files (x86)/atmel/atmel toolchain/avr8 gcc/native/3.4.1061/avr8-gnu-toolchain/bin/../lib/gcc/avr/4.8.1/avr6\libgcc.a(_exit.o)
 *(.fini0)
                0x00001918                _etext = .

.data           0x00800200       0x30 load address 0x00001918
                0x00800200                PROVIDE (__data_start, .)
 *(.data)
 *(.data*)
 .data._ZL9error_msg
                0x00800200        0x1 os.o
 .data.roomba_velocity
                0x00800201        0x2 project2.o
                0x00800201                roomba_velocity
 .data.BASE_FREQUENCY
                0x00800203        0x1 radio/cops_and_robbers.o
                0x00800203                BASE_FREQUENCY
 .data.ROOMBA_ADDRESSES
                0x00800204       0x14 radio/cops_and_robbers.o
                0x00800204                ROOMBA_ADDRESSES
 .data.BASE_ADDRESS
                0x00800218        0x5 radio/cops_and_robbers.o
                0x00800218                BASE_ADDRESS
 .data._ZL14tx_last_status
                0x0080021d        0x1 radio/radio.o
 .data._ZL10tx_history
                0x0080021e        0x2 radio/radio.o
 .data._ZL16rx_pipe0_address
                0x00800220        0x5 radio/radio.o
 .data._ZL10tx_address
                0x00800225        0x5 radio/radio.o
 .data._ZL14rx_pipe_widths
                0x0080022a        0x6 radio/radio.o
 *(.rodata)
 *(.rodata*)
 *(.gnu.linkonce.d*)
                0x00800230                . = ALIGN (0x2)
                0x00800230                _edata = .
                0x00800230                PROVIDE (__data_end, .)

.bss            0x00800230      0xae0
                0x00800230                PROVIDE (__bss_start, .)
 *(.bss)
 *(.bss*)
 .bss.outputByte
                0x00800230        0x1 ir/ir.o
                0x00800230                outputByte
 .bss.currentByte
                0x00800231        0x1 ir/ir.o
                0x00800231                currentByte
 .bss.currentBit
                0x00800232        0x1 ir/ir.o
                0x00800232                currentBit
 .bss.is_transmitting
                0x00800233        0x1 ir/ir.o
                0x00800233                is_transmitting
 .bss.is_receiving
                0x00800234        0x1 ir/ir.o
                0x00800234                is_receiving
 .bss._ZL16name_to_task_ptr
                0x00800235       0x12 os.o
 .bss._ZL21time_before_interrupt
                0x00800247        0x2 os.o
 .bss._ZL13ticks_counter
                0x00800249        0x1 os.o
 .bss._ZL12num_services
                0x0080024a        0x1 os.o
 .bss._ZL12service_list
                0x0080024b       0xa0 os.o
 .bss._ZL12system_queue
                0x008002eb        0x4 os.o
 .bss._ZL14periodic_queue
                0x008002ef        0x4 os.o
 .bss._ZL8rr_queue
                0x008002f3        0x4 os.o
 .bss._ZL15dead_pool_queue
                0x008002f7        0x4 os.o
 .bss._ZL21kernel_request_retval
                0x008002fb        0x2 os.o
 .bss._ZL26kernel_request_create_args
                0x008002fd        0xf os.o
 .bss._ZL14kernel_request
                0x0080030c        0x1 os.o
 .bss._ZL9task_desc
                0x0080030d      0x9b4 os.o
 .bss._ZL9kernel_sp
                0x00800cc1        0x2 os.o
 .bss._ZL8cur_task
                0x00800cc3        0x2 os.o
 .bss.roomba_sensor_packet
                0x00800cc5       0x1a project2.o
                0x00800cc5                roomba_sensor_packet
 .bss.roomba_identity
                0x00800cdf        0x1 project2.o
                0x00800cdf                roomba_identity
 .bss.roomba_state
                0x00800ce0        0x1 project2.o
                0x00800ce0                roomba_state
 .bss.radio_send_receive_service
                0x00800ce1        0x2 project2.o
                0x00800ce1                radio_send_receive_service
 .bss.roomba_rotation
                0x00800ce3        0x2 project2.o
                0x00800ce3                roomba_rotation
 .bss._ZL13transmit_lock
                0x00800ce5        0x1 radio/radio.o
 .bss._ZL17uart_buffer_index
                0x00800ce6        0x1 uart/uart.o
 .bss._ZL11uart_buffer
                0x00800ce7       0x20 uart/uart.o
 .bss.timer0_overflow_count
                0x00800d07        0x4 C:\Users\Mikko\Documents\Atmel Studio\arduinoCore\libcore.a(wiring.c.o)
                0x00800d07                timer0_overflow_count
 .bss.timer0_millis
                0x00800d0b        0x4 C:\Users\Mikko\Documents\Atmel Studio\arduinoCore\libcore.a(wiring.c.o)
                0x00800d0b                timer0_millis
 .bss.timer0_fract
                0x00800d0f        0x1 C:\Users\Mikko\Documents\Atmel Studio\arduinoCore\libcore.a(wiring.c.o)
 *(COMMON)
                0x00800d10                PROVIDE (__bss_end, .)
                0x00001918                __data_load_start = LOADADDR (.data)
                0x00001948                __data_load_end = (__data_load_start + SIZEOF (.data))

.noinit         0x00800d10        0x0
                0x00800d10                PROVIDE (__noinit_start, .)
 *(.noinit*)
                0x00800d10                PROVIDE (__noinit_end, .)
                0x00800d10                _end = .
                0x00800d10                PROVIDE (__heap_start, .)

.eeprom         0x00810000        0x0
 *(.eeprom*)
                0x00810000                __eeprom_end = .

.fuse
 *(.fuse)
 *(.lfuse)
 *(.hfuse)
 *(.efuse)

.lock
 *(.lock*)

.signature
 *(.signature*)

.user_signatures
 *(.user_signatures*)

.stab
 *(.stab)

.stabstr
 *(.stabstr)

.stab.excl
 *(.stab.excl)

.stab.exclstr
 *(.stab.exclstr)

.stab.index
 *(.stab.index)

.stab.indexstr
 *(.stab.indexstr)

.comment        0x00000000       0x30
 *(.comment)
 .comment       0x00000000       0x30 ir/ir.o
                                 0x31 (size before relaxing)
 .comment       0x00000000       0x31 os.o
 .comment       0x00000000       0x31 project2.o
 .comment       0x00000000       0x31 radio/cops_and_robbers.o
 .comment       0x00000000       0x31 radio/radio.o
 .comment       0x00000000       0x31 radio/spi.o
 .comment       0x00000000       0x31 roomba/roomba.o
 .comment       0x00000000       0x31 uart/uart.o

.note.gnu.build-id
 *(.note.gnu.build-id)

.debug
 *(.debug)

.line
 *(.line)

.debug_srcinfo
 *(.debug_srcinfo)

.debug_sfnames
 *(.debug_sfnames)

.debug_aranges  0x00000000      0x318
 *(.debug_aranges)
 .debug_aranges
                0x00000000       0x60 ir/ir.o
 .debug_aranges
                0x00000060       0xc0 os.o
 .debug_aranges
                0x00000120       0x50 project2.o
 .debug_aranges
                0x00000170       0x18 radio/cops_and_robbers.o
 .debug_aranges
                0x00000188       0x90 radio/radio.o
 .debug_aranges
                0x00000218       0x38 radio/spi.o
 .debug_aranges
                0x00000250       0x38 roomba/roomba.o
 .debug_aranges
                0x00000288       0x48 uart/uart.o
 .debug_aranges
                0x000002d0       0x48 C:\Users\Mikko\Documents\Atmel Studio\arduinoCore\libcore.a(wiring.c.o)

.debug_pubnames
                0x00000000       0x8d
 *(.debug_pubnames)
 .debug_pubnames
                0x00000000       0x8d C:\Users\Mikko\Documents\Atmel Studio\arduinoCore\libcore.a(wiring.c.o)

.debug_info     0x00000000     0x4291
 *(.debug_info .gnu.linkonce.wi.*)
 .debug_info    0x00000000      0x2fa ir/ir.o
 .debug_info    0x000002fa     0x106a os.o
 .debug_info    0x00001364      0xe00 project2.o
 .debug_info    0x00002164       0xe6 radio/cops_and_robbers.o
 .debug_info    0x0000224a     0x1085 radio/radio.o
 .debug_info    0x000032cf      0x174 radio/spi.o
 .debug_info    0x00003443      0x90f roomba/roomba.o
 .debug_info    0x00003d52      0x1d1 uart/uart.o
 .debug_info    0x00003f23      0x36e C:\Users\Mikko\Documents\Atmel Studio\arduinoCore\libcore.a(wiring.c.o)

.debug_abbrev   0x00000000     0x12fa
 *(.debug_abbrev)
 .debug_abbrev  0x00000000      0x1bf ir/ir.o
 .debug_abbrev  0x000001bf      0x3f0 os.o
 .debug_abbrev  0x000005af      0x370 project2.o
 .debug_abbrev  0x0000091f       0x56 radio/cops_and_robbers.o
 .debug_abbrev  0x00000975      0x3f9 radio/radio.o
 .debug_abbrev  0x00000d6e       0xd6 radio/spi.o
 .debug_abbrev  0x00000e44      0x217 roomba/roomba.o
 .debug_abbrev  0x0000105b      0x122 uart/uart.o
 .debug_abbrev  0x0000117d      0x17d C:\Users\Mikko\Documents\Atmel Studio\arduinoCore\libcore.a(wiring.c.o)

.debug_line     0x00000000     0x2313
 *(.debug_line .debug_line.* .debug_line_end)
 .debug_line    0x00000000      0x320 ir/ir.o
 .debug_line    0x00000320      0xa22 os.o
 .debug_line    0x00000d42      0x478 project2.o
 .debug_line    0x000011ba       0xac radio/cops_and_robbers.o
 .debug_line    0x00001266      0x67d radio/radio.o
 .debug_line    0x000018e3      0x177 radio/spi.o
 .debug_line    0x00001a5a      0x31b roomba/roomba.o
 .debug_line    0x00001d75      0x1a3 uart/uart.o
 .debug_line    0x00001f18      0x3fb C:\Users\Mikko\Documents\Atmel Studio\arduinoCore\libcore.a(wiring.c.o)

.debug_frame    0x00000000      0x7ec
 *(.debug_frame)
 .debug_frame   0x00000000      0x114 ir/ir.o
 .debug_frame   0x00000114      0x1f0 os.o
 .debug_frame   0x00000304       0xa0 project2.o
 .debug_frame   0x000003a4      0x274 radio/radio.o
 .debug_frame   0x00000618       0x54 radio/spi.o
 .debug_frame   0x0000066c       0x7c roomba/roomba.o
 .debug_frame   0x000006e8       0x94 uart/uart.o
 .debug_frame   0x0000077c       0x70 C:\Users\Mikko\Documents\Atmel Studio\arduinoCore\libcore.a(wiring.c.o)

.debug_str      0x00000000     0x1704
 *(.debug_str)
 .debug_str     0x00000000      0x2ff ir/ir.o
                                0x333 (size before relaxing)
 .debug_str     0x000002ff      0x667 os.o
                                0x8da (size before relaxing)
 .debug_str     0x00000966      0x83c project2.o
                                0xc5a (size before relaxing)
 .debug_str     0x000011a2       0x31 radio/cops_and_robbers.o
                                0x20e (size before relaxing)
 .debug_str     0x000011d3      0x211 radio/radio.o
                                0x8c2 (size before relaxing)
 .debug_str     0x000013e4       0x11 radio/spi.o
                                0x25f (size before relaxing)
 .debug_str     0x000013f5      0x20f roomba/roomba.o
                                0x669 (size before relaxing)
 .debug_str     0x00001604       0x49 uart/uart.o
                                0x321 (size before relaxing)
 .debug_str     0x0000164d       0xb7 C:\Users\Mikko\Documents\Atmel Studio\arduinoCore\libcore.a(wiring.c.o)
                                0x150 (size before relaxing)

.debug_loc      0x00000000     0x1c6b
 *(.debug_loc)
 .debug_loc     0x00000000      0x1ad ir/ir.o
 .debug_loc     0x000001ad      0x9c8 os.o
 .debug_loc     0x00000b75      0x121 project2.o
 .debug_loc     0x00000c96      0xb3a radio/radio.o
 .debug_loc     0x000017d0       0xd7 radio/spi.o
 .debug_loc     0x000018a7      0x13f roomba/roomba.o
 .debug_loc     0x000019e6      0x118 uart/uart.o
 .debug_loc     0x00001afe      0x16d C:\Users\Mikko\Documents\Atmel Studio\arduinoCore\libcore.a(wiring.c.o)

.debug_macinfo
 *(.debug_macinfo)

.debug_weaknames
 *(.debug_weaknames)

.debug_funcnames
 *(.debug_funcnames)

.debug_typenames
 *(.debug_typenames)

.debug_varnames
 *(.debug_varnames)

.debug_pubtypes
 *(.debug_pubtypes)

.debug_ranges   0x00000000      0x2e8
 *(.debug_ranges)
 .debug_ranges  0x00000000       0x50 ir/ir.o
 .debug_ranges  0x00000050       0xf8 os.o
 .debug_ranges  0x00000148       0x58 project2.o
 .debug_ranges  0x000001a0       0x80 radio/radio.o
 .debug_ranges  0x00000220       0x28 radio/spi.o
 .debug_ranges  0x00000248       0x28 roomba/roomba.o
 .debug_ranges  0x00000270       0x38 uart/uart.o
 .debug_ranges  0x000002a8       0x40 C:\Users\Mikko\Documents\Atmel Studio\arduinoCore\libcore.a(wiring.c.o)

.debug_macro
 *(.debug_macro)
OUTPUT(project2.elf elf32-avr)
LOAD linker stubs
